Archive member included to satisfy reference by file (symbol)

/home/bj/.p2/pool/plugins/fr.ac6.mcu.externaltools.arm-none.linux64_1.12.0.201611241417/tools/compiler/bin/../lib/gcc/arm-none-eabi/5.4.1/armv7e-m/fpu/libgcc.a(_arm_addsubdf3.o)
                              asp/src/ahrs.o (__aeabi_f2d)
/home/bj/.p2/pool/plugins/fr.ac6.mcu.externaltools.arm-none.linux64_1.12.0.201611241417/tools/compiler/bin/../lib/gcc/arm-none-eabi/5.4.1/armv7e-m/fpu/libgcc.a(_arm_muldivdf3.o)
                              asp/src/ahrs.o (__aeabi_dmul)
/home/bj/.p2/pool/plugins/fr.ac6.mcu.externaltools.arm-none.linux64_1.12.0.201611241417/tools/compiler/bin/../lib/gcc/arm-none-eabi/5.4.1/armv7e-m/fpu/libgcc.a(_arm_truncdfsf2.o)
                              asp/src/ahrs.o (__aeabi_d2f)
/home/bj/.p2/pool/plugins/fr.ac6.mcu.externaltools.arm-none.linux64_1.12.0.201611241417/tools/compiler/bin/../lib/gcc/arm-none-eabi/5.4.1/../../../../arm-none-eabi/lib/armv7e-m/fpu/libc.a(lib_a-errno.o)
                              syscalls.o (__errno)
/home/bj/.p2/pool/plugins/fr.ac6.mcu.externaltools.arm-none.linux64_1.12.0.201611241417/tools/compiler/bin/../lib/gcc/arm-none-eabi/5.4.1/../../../../arm-none-eabi/lib/armv7e-m/fpu/libc.a(lib_a-exit.o)
                              /home/bj/.p2/pool/plugins/fr.ac6.mcu.externaltools.arm-none.linux64_1.12.0.201611241417/tools/compiler/bin/../lib/gcc/arm-none-eabi/5.4.1/../../../../arm-none-eabi/lib/armv7e-m/fpu/crt0.o (exit)
/home/bj/.p2/pool/plugins/fr.ac6.mcu.externaltools.arm-none.linux64_1.12.0.201611241417/tools/compiler/bin/../lib/gcc/arm-none-eabi/5.4.1/../../../../arm-none-eabi/lib/armv7e-m/fpu/libc.a(lib_a-impure.o)
                              /home/bj/.p2/pool/plugins/fr.ac6.mcu.externaltools.arm-none.linux64_1.12.0.201611241417/tools/compiler/bin/../lib/gcc/arm-none-eabi/5.4.1/../../../../arm-none-eabi/lib/armv7e-m/fpu/libc.a(lib_a-exit.o) (_global_impure_ptr)
/home/bj/.p2/pool/plugins/fr.ac6.mcu.externaltools.arm-none.linux64_1.12.0.201611241417/tools/compiler/bin/../lib/gcc/arm-none-eabi/5.4.1/../../../../arm-none-eabi/lib/armv7e-m/fpu/libc.a(lib_a-init.o)
                              /home/bj/.p2/pool/plugins/fr.ac6.mcu.externaltools.arm-none.linux64_1.12.0.201611241417/tools/compiler/bin/../lib/gcc/arm-none-eabi/5.4.1/../../../../arm-none-eabi/lib/armv7e-m/fpu/crt0.o (__libc_init_array)
/home/bj/.p2/pool/plugins/fr.ac6.mcu.externaltools.arm-none.linux64_1.12.0.201611241417/tools/compiler/bin/../lib/gcc/arm-none-eabi/5.4.1/../../../../arm-none-eabi/lib/armv7e-m/fpu/libc.a(lib_a-malloc.o)
                              asp/src/est.o (malloc)
/home/bj/.p2/pool/plugins/fr.ac6.mcu.externaltools.arm-none.linux64_1.12.0.201611241417/tools/compiler/bin/../lib/gcc/arm-none-eabi/5.4.1/../../../../arm-none-eabi/lib/armv7e-m/fpu/libc.a(lib_a-mallocr.o)
                              /home/bj/.p2/pool/plugins/fr.ac6.mcu.externaltools.arm-none.linux64_1.12.0.201611241417/tools/compiler/bin/../lib/gcc/arm-none-eabi/5.4.1/../../../../arm-none-eabi/lib/armv7e-m/fpu/libc.a(lib_a-malloc.o) (_malloc_r)
/home/bj/.p2/pool/plugins/fr.ac6.mcu.externaltools.arm-none.linux64_1.12.0.201611241417/tools/compiler/bin/../lib/gcc/arm-none-eabi/5.4.1/../../../../arm-none-eabi/lib/armv7e-m/fpu/libc.a(lib_a-memcpy.o)
                              asp/src/cbus.o (memcpy)
/home/bj/.p2/pool/plugins/fr.ac6.mcu.externaltools.arm-none.linux64_1.12.0.201611241417/tools/compiler/bin/../lib/gcc/arm-none-eabi/5.4.1/../../../../arm-none-eabi/lib/armv7e-m/fpu/libc.a(lib_a-memset.o)
                              /home/bj/.p2/pool/plugins/fr.ac6.mcu.externaltools.arm-none.linux64_1.12.0.201611241417/tools/compiler/bin/../lib/gcc/arm-none-eabi/5.4.1/../../../../arm-none-eabi/lib/armv7e-m/fpu/crt0.o (memset)
/home/bj/.p2/pool/plugins/fr.ac6.mcu.externaltools.arm-none.linux64_1.12.0.201611241417/tools/compiler/bin/../lib/gcc/arm-none-eabi/5.4.1/../../../../arm-none-eabi/lib/armv7e-m/fpu/libc.a(lib_a-mlock.o)
                              /home/bj/.p2/pool/plugins/fr.ac6.mcu.externaltools.arm-none.linux64_1.12.0.201611241417/tools/compiler/bin/../lib/gcc/arm-none-eabi/5.4.1/../../../../arm-none-eabi/lib/armv7e-m/fpu/libc.a(lib_a-mallocr.o) (__malloc_lock)
/home/bj/.p2/pool/plugins/fr.ac6.mcu.externaltools.arm-none.linux64_1.12.0.201611241417/tools/compiler/bin/../lib/gcc/arm-none-eabi/5.4.1/../../../../arm-none-eabi/lib/armv7e-m/fpu/libc.a(lib_a-sbrkr.o)
                              /home/bj/.p2/pool/plugins/fr.ac6.mcu.externaltools.arm-none.linux64_1.12.0.201611241417/tools/compiler/bin/../lib/gcc/arm-none-eabi/5.4.1/../../../../arm-none-eabi/lib/armv7e-m/fpu/libc.a(lib_a-mallocr.o) (_sbrk_r)
/home/bj/.p2/pool/plugins/fr.ac6.mcu.externaltools.arm-none.linux64_1.12.0.201611241417/tools/compiler/bin/../lib/gcc/arm-none-eabi/5.4.1/../../../../arm-none-eabi/lib/armv7e-m/fpu/libc.a(lib_a-strlen.o)
                              bsp/src/tty.o (strlen)
[...]
Memory Configuration

Name             Origin             Length             Attributes
RAM              0x20000000         0x00020000         xrw
ROM              0x08000000         0x00100000         xr
*default*        0x00000000         0xffffffff

Linker script and memory map

LOAD /home/bj/.p2/pool/plugins/fr.ac6.mcu.externaltools.arm-none.linux64_1.12.0.201611241417/tools/compiler/bin/../lib/gcc/arm-none-eabi/5.4.1/armv7e-m/fpu/crti.o
LOAD /home/bj/.p2/pool/plugins/fr.ac6.mcu.externaltools.arm-none.linux64_1.12.0.201611241417/tools/compiler/bin/../lib/gcc/arm-none-eabi/5.4.1/armv7e-m/fpu/crtbegin.o
LOAD /home/bj/.p2/pool/plugins/fr.ac6.mcu.externaltools.arm-none.linux64_1.12.0.201611241417/tools/compiler/bin/../lib/gcc/arm-none-eabi/5.4.1/../../../../arm-none-eabi/lib/armv7e-m/fpu/crt0.o
LOAD /home/bj/.p2/pool/plugins/fr.ac6.mcu.externaltools.arm-none.linux64_1.12.0.201611241417/tools/compiler/bin/../lib/gcc/arm-none-eabi/5.4.1/../../../../arm-none-eabi/lib/armv7e-m/fpu/libm.a
LOAD app/src/aci.o
LOAD app/src/act.o
LOAD app/src/app.o
LOAD app/src/can.o
LOAD app/src/cfg.o
LOAD app/src/clk.o
LOAD app/src/cmd.o
LOAD app/src/com.o
LOAD app/src/ctl.o
LOAD app/src/fos.o
LOAD app/src/fun.o
LOAD app/src/hci.o
LOAD app/src/ims.o
LOAD app/src/ini.o
LOAD app/src/ins.o
LOAD app/src/mec.o
LOAD app/src/odo.o
LOAD app/src/pwr.o
LOAD app/src/rci.o
LOAD app/src/sys.o
LOAD app/src/wdg.o
LOAD asp/src/ahrs.o
LOAD asp/src/cbus.o
LOAD asp/src/crc16.o
LOAD asp/src/dbus.o
LOAD asp/src/est.o
LOAD asp/src/fifo.o
LOAD asp/src/gauss.o
LOAD asp/src/gdf.o
LOAD asp/src/hcp.o
LOAD asp/src/imu.o
LOAD asp/src/kalman.o
LOAD asp/src/mafilter.o
LOAD asp/src/mag.o
LOAD asp/src/mecanum.o
LOAD asp/src/pid.o
LOAD asp/src/ramp.o
LOAD asp/src/rcp.o
LOAD asp/src/sta.o
LOAD asp/src/stack.o
LOAD bsp/src/bsp.o
LOAD bsp/src/can1.o
LOAD bsp/src/can2.o
LOAD bsp/src/delay.o
LOAD bsp/src/flash.o
LOAD bsp/src/gun.o
LOAD bsp/src/laser.o
LOAD bsp/src/led.o
LOAD bsp/src/motor.o
LOAD bsp/src/mpu6050.o
LOAD bsp/src/mpu6050_drv.o
LOAD bsp/src/mpu6050_i2c.o
LOAD bsp/src/mpu6050_int.o
LOAD bsp/src/rcv.o
LOAD bsp/src/spinner.o
LOAD bsp/src/startup_stm32.o
LOAD bsp/src/stm32util.o
LOAD bsp/src/system_stm32f4xx.o
LOAD bsp/src/tim.o
LOAD bsp/src/tty.o
LOAD bsp/src/zgyro.o
LOAD srv/src/can_srv.o
LOAD srv/src/mpu_srv.o
LOAD srv/src/rcv_srv.o
LOAD srv/src/tim_srv.o
LOAD srv/src/tty_srv.o
LOAD stl/StdPeriph_Driver/src/misc.o
LOAD stl/StdPeriph_Driver/src/stm32f4xx_adc.o
LOAD stl/StdPeriph_Driver/src/stm32f4xx_can.o
LOAD stl/StdPeriph_Driver/src/stm32f4xx_cec.o
LOAD stl/StdPeriph_Driver/src/stm32f4xx_crc.o
LOAD stl/StdPeriph_Driver/src/stm32f4xx_cryp.o
LOAD stl/StdPeriph_Driver/src/stm32f4xx_cryp_aes.o
LOAD stl/StdPeriph_Driver/src/stm32f4xx_cryp_des.o
LOAD stl/StdPeriph_Driver/src/stm32f4xx_cryp_tdes.o
LOAD stl/StdPeriph_Driver/src/stm32f4xx_dac.o
LOAD stl/StdPeriph_Driver/src/stm32f4xx_dbgmcu.o
LOAD stl/StdPeriph_Driver/src/stm32f4xx_dcmi.o
LOAD stl/StdPeriph_Driver/src/stm32f4xx_dfsdm.o
LOAD stl/StdPeriph_Driver/src/stm32f4xx_dma.o
LOAD stl/StdPeriph_Driver/src/stm32f4xx_dma2d.o
LOAD stl/StdPeriph_Driver/src/stm32f4xx_dsi.o
LOAD stl/StdPeriph_Driver/src/stm32f4xx_exti.o
LOAD stl/StdPeriph_Driver/src/stm32f4xx_flash.o
LOAD stl/StdPeriph_Driver/src/stm32f4xx_flash_ramfunc.o
LOAD stl/StdPeriph_Driver/src/stm32f4xx_fmc.o
LOAD stl/StdPeriph_Driver/src/stm32f4xx_fmip2c.o
LOAD stl/StdPeriph_Driver/src/stm32f4xx_fsmc.o
LOAD stl/StdPeriph_Driver/src/stm32f4xx_gpio.o
LOAD stl/StdPeriph_Driver/src/stm32f4xx_hash.o
LOAD stl/StdPeriph_Driver/src/stm32f4xx_hash_md5.o
LOAD stl/StdPeriph_Driver/src/stm32f4xx_hash_sha1.o
LOAD stl/StdPeriph_Driver/src/stm32f4xx_i2c.o
LOAD stl/StdPeriph_Driver/src/stm32f4xx_iwdg.o
LOAD stl/StdPeriph_Driver/src/stm32f4xx_lptim.o
LOAD stl/StdPeriph_Driver/src/stm32f4xx_ltdc.o
LOAD stl/StdPeriph_Driver/src/stm32f4xx_pwr.o
LOAD stl/StdPeriph_Driver/src/stm32f4xx_qspi.o
LOAD stl/StdPeriph_Driver/src/stm32f4xx_rcc.o
LOAD stl/StdPeriph_Driver/src/stm32f4xx_rng.o
LOAD stl/StdPeriph_Driver/src/stm32f4xx_rtc.o
LOAD stl/StdPeriph_Driver/src/stm32f4xx_sai.o
LOAD stl/StdPeriph_Driver/src/stm32f4xx_sdio.o
LOAD stl/StdPeriph_Driver/src/stm32f4xx_spdifrx.o
LOAD stl/StdPeriph_Driver/src/stm32f4xx_spi.o
LOAD stl/StdPeriph_Driver/src/stm32f4xx_syscfg.o
LOAD stl/StdPeriph_Driver/src/stm32f4xx_tim.o
LOAD stl/StdPeriph_Driver/src/stm32f4xx_usart.o
LOAD stl/StdPeriph_Driver/src/stm32f4xx_wwdg.o
LOAD syscalls.o
LOAD usr/src/main.o
START GROUP
LOAD /home/bj/.p2/pool/plugins/fr.ac6.mcu.externaltools.arm-none.linux64_1.12.0.201611241417/tools/compiler/bin/../lib/gcc/arm-none-eabi/5.4.1/armv7e-m/fpu/libgcc.a
LOAD /home/bj/.p2/pool/plugins/fr.ac6.mcu.externaltools.arm-none.linux64_1.12.0.201611241417/tools/compiler/bin/../lib/gcc/arm-none-eabi/5.4.1/../../../../arm-none-eabi/lib/armv7e-m/fpu/libc.a
END GROUP
LOAD /home/bj/.p2/pool/plugins/fr.ac6.mcu.externaltools.arm-none.linux64_1.12.0.201611241417/tools/compiler/bin/../lib/gcc/arm-none-eabi/5.4.1/armv7e-m/fpu/crtend.o
LOAD /home/bj/.p2/pool/plugins/fr.ac6.mcu.externaltools.arm-none.linux64_1.12.0.201611241417/tools/compiler/bin/../lib/gcc/arm-none-eabi/5.4.1/armv7e-m/fpu/crtn.o
                0x20020000                _estack = 0x20020000
                0x00000000                _Min_Heap_Size = 0x0
                0x00000400                _Min_Stack_Size = 0x400

.isr_vector     0x08000000      0x188
                0x08000000                . = ALIGN (0x4)
 *(.isr_vector)
 .isr_vector    0x08000000      0x188 bsp/src/startup_stm32.o
                0x08000000                g_pfnVectors
                0x08000188                . = ALIGN (0x4)

.text           0x08000188     0x8a38
                0x08000188                . = ALIGN (0x4)
 *(.text)
 .text          0x08000188       0x5c /home/bj/.p2/pool/plugins/fr.ac6.mcu.externaltools.arm-none.linux64_1.12.0.201611241417/tools/compiler/bin/../lib/gcc/arm-none-eabi/5.4.1/armv7e-m/fpu/crtbegin.o
 *(.text*)
 .text.Act_Init
                0x080001e4       0x54 app/src/act.o
                0x080001e4                Act_Init
 .text.App_Init
                0x08000238       0x3c app/src/app.o
                0x08000238                App_Init
 .text.Can_Init
                0x08000274       0x5c app/src/can.o
                0x08000274                Can_Init
 .text.Cfg_Load
                0x080002d0       0x1c app/src/cfg.o
                0x080002d0                Cfg_Load
 .text.Cfg_Init
                0x080002ec       0x14 app/src/cfg.o
                0x080002ec                Cfg_Init
 .text.Clk_Init
                0x08000300       0x24 app/src/clk.o
                0x08000300                Clk_Init
 .text.Cmd_Init
                0x08000324       0x5c app/src/cmd.o
                0x08000324                Cmd_Init
 .text.Com_Init
                0x08000380       0x10 app/src/com.o
                0x08000380                Com_Init
 .text.Ctl_Init
                0x08000390       0xf8 app/src/ctl.o
                0x08000390                Ctl_Init
 .text.Fos_Read
                0x08000488       0x20 app/src/fos.o
                0x08000488                Fos_Read
 .text.Ini_Init
                0x080004a8      0x428 app/src/ini.o
                0x080004a8                Ini_Init
 .text.Ins_Init
                0x080008d0       0x10 app/src/ins.o
                0x080008d0                Ins_Init
 .text.Odo_Init
                0x080008e0       0xc8 app/src/odo.o
                0x080008e0                Odo_Init
 .text.Pwr_Init
                0x080009a8       0x1c app/src/pwr.o
                0x080009a8                Pwr_Init
 .text.FS_Clr   0x080009c4       0x24 app/src/sys.o
                0x080009c4                FS_Clr
 .text.CS_Set   0x080009e8       0x34 app/src/sys.o
                0x080009e8                CS_Set
 .text.GS_Set   0x08000a1c       0x28 app/src/sys.o
                0x08000a1c                GS_Set
 .text.MS_Set   0x08000a44       0x3c app/src/sys.o
                0x08000a44                MS_Set
 .text.Wdg_Init
                0x08000a80       0x10 app/src/wdg.o
                0x08000a80                Wdg_Init
 .text.AHRS_Config
                0x08000a90       0x28 asp/src/ahrs.o
                0x08000a90                AHRS_Config
 .text.Est_Create
                0x08000ab8       0x94 asp/src/est.o
                0x08000ab8                Est_Create
 .text.FIFO_Init
                0x08000b4c       0x28 asp/src/fifo.o
                0x08000b4c                FIFO_Init
 .text.FIFO_Flush
                0x08000b74       0x34 asp/src/fifo.o
                0x08000b74                FIFO_Flush
 .text.GaussCreate
                0x08000ba8       0x5c asp/src/gauss.o
                0x08000ba8                GaussCreate
 .text.GaussReset
                0x08000c04       0x98 asp/src/gauss.o
                0x08000c04                GaussReset
 .text.GaussDestroy
                0x08000c9c       0x38 asp/src/gauss.o
                0x08000c9c                GaussDestroy
 .text.Imu_Config
                0x08000cd4       0x50 asp/src/imu.o
                0x08000cd4                Imu_Config
 .text.KalmanReset
                0x08000d24       0x34 asp/src/kalman.o
                0x08000d24                KalmanReset
 .text.KalmanSetQ
                0x08000d58       0x20 asp/src/kalman.o
                0x08000d58                KalmanSetQ
 .text.KalmanCreate
                0x08000d78       0x2c asp/src/kalman.o
                0x08000d78                KalmanCreate
 .text.MAFilter_Init
                0x08000da4       0x28 asp/src/mafilter.o
                0x08000da4                MAFilter_Init
 .text.MAFilter_Reset
                0x08000dcc       0x30 asp/src/mafilter.o
                0x08000dcc                MAFilter_Reset
 .text.Mag_Config
                0x08000dfc       0x34 asp/src/mag.o
                0x08000dfc                Mag_Config
 .text.Mecanum_Config
                0x08000e30       0x8c asp/src/mecanum.o
                0x08000e30                Mecanum_Config
 .text.PID_Config
                0x08000ebc       0x64 asp/src/pid.o
                0x08000ebc                PID_Config
 .text.PID_Reset
                0x08000f20       0x24 asp/src/pid.o
                0x08000f20                PID_Reset
 .text.Ramp_Config
                0x08000f44       0x1c asp/src/ramp.o
                0x08000f44                Ramp_Config
 .text.Ramp_Reset
                0x08000f60       0x1c asp/src/ramp.o
                0x08000f60                Ramp_Reset
 .text.Bsp_Config
                0x08000f7c       0x48 bsp/src/bsp.o
                0x08000f7c                Bsp_Config
 .text.Can1_Config
                0x08000fc4       0x78 bsp/src/can1.o
                0x08000fc4                Can1_Config
 .text.Can2_Config
                0x0800103c       0x78 bsp/src/can2.o
                0x0800103c                Can2_Config
 .text.delay_ms
                0x080010b4       0x3c bsp/src/delay.o
                0x080010b4                delay_ms
 .text.Flash_ReadByte
                0x080010f0       0x1c bsp/src/flash.o
 .text.Flash_Read
                0x0800110c       0x40 bsp/src/flash.o
                0x0800110c                Flash_Read
 .text.Gun_Config
                0x0800114c       0x4c bsp/src/gun.o
                0x0800114c                Gun_Config
 .text.Laser_Config
                0x08001198       0x20 bsp/src/laser.o
                0x08001198                Laser_Config
 .text.Led_Config
                0x080011b8       0x30 bsp/src/led.o
                0x080011b8                Led_Config
 .text.CM_Cmd   0x080011e8       0x98 bsp/src/motor.o
                0x080011e8                CM_Cmd
 .text.GM_Cmd   0x08001280       0x6c bsp/src/motor.o
                0x08001280                GM_Cmd
 .text.MPU6050_Config
                0x080012ec       0x28 bsp/src/mpu6050.o
                0x080012ec                MPU6050_Config
 .text.MPU6050_Init
                0x08001314       0xe0 bsp/src/mpu6050_drv.o
                0x08001314                MPU6050_Init
 .text.HMC5883_Init
                0x080013f4       0x78 bsp/src/mpu6050_drv.o
                0x080013f4                HMC5883_Init
 .text.MPU6050_INT_Enable
                0x0800146c       0x4c bsp/src/mpu6050_drv.o
                0x0800146c                MPU6050_INT_Enable
 .text.MPU6050_IIC_Delay
                0x080014b8       0x38 bsp/src/mpu6050_i2c.o
                0x080014b8                MPU6050_IIC_Delay
 .text.MPU6050_IIC_Start
                0x080014f0       0x4c bsp/src/mpu6050_i2c.o
                0x080014f0                MPU6050_IIC_Start
 .text.MPU6050_IIC_Stop
                0x0800153c       0x4c bsp/src/mpu6050_i2c.o
                0x0800153c                MPU6050_IIC_Stop
 .text.MPU6050_IIC_Ack
                0x08001588       0x5c bsp/src/mpu6050_i2c.o
                0x08001588                MPU6050_IIC_Ack
 .text.MPU6050_IIC_WaitAck
                0x080015e4       0x74 bsp/src/mpu6050_i2c.o
                0x080015e4                MPU6050_IIC_WaitAck
 .text.MPU6050_IIC_WriteByte
                0x08001658       0x80 bsp/src/mpu6050_i2c.o
                0x08001658                MPU6050_IIC_WriteByte
 .text.MPU6050_IIC_ReadByte
                0x080016d8       0x7c bsp/src/mpu6050_i2c.o
                0x080016d8                MPU6050_IIC_ReadByte
 .text.MPU6050_IIC_Read
                0x08001754       0xb4 bsp/src/mpu6050_i2c.o
                0x08001754                MPU6050_IIC_Read
 .text.MPU6050_IIC_Write
                0x08001808       0x68 bsp/src/mpu6050_i2c.o
                0x08001808                MPU6050_IIC_Write
 .text.MPU6050_INT_Config
                0x08001870       0x20 bsp/src/mpu6050_int.o
                0x08001870                MPU6050_INT_Config
 .text.Rcv_Config
                0x08001890       0xa0 bsp/src/rcv.o
                0x08001890                Rcv_Config
 .text.Spinner_EncoderConfig
                0x08001930       0x3c bsp/src/spinner.o
                0x08001930                Spinner_EncoderConfig
 .text.Spinner_PWMConfig
                0x0800196c       0x3c bsp/src/spinner.o
                0x0800196c                Spinner_PWMConfig
 .text.Spinner_Config
                0x080019a8       0x10 bsp/src/spinner.o
                0x080019a8                Spinner_Config
 .text.Reset_Handler
                0x080019b8       0x48 bsp/src/startup_stm32.o
                0x080019b8                Reset_Handler
 .text.Default_Handler
                0x08001a00        0x2 bsp/src/startup_stm32.o
                0x08001a00                DebugMon_Handler
                0x08001a00                HardFault_Handler
                0x08001a00                SysTick_Handler
                0x08001a00                PendSV_Handler
                0x08001a00                NMI_Handler
                0x08001a00                UsageFault_Handler
                0x08001a00                Default_Handler
                0x08001a00                MemManage_Handler
                0x08001a00                SVC_Handler
                0x08001a00                BusFault_Handler
 *fill*         0x08001a02        0x2 
 .text.GPIO_Config
                0x08001a04      0x138 bsp/src/stm32util.o
                0x08001a04                GPIO_Config
 .text.GPIO_In  0x08001b3c       0x20 bsp/src/stm32util.o
                0x08001b3c                GPIO_In
 .text.GPIO_Out
                0x08001b5c       0x20 bsp/src/stm32util.o
                0x08001b5c                GPIO_Out
 .text.GPIO_AF  0x08001b7c       0x40 bsp/src/stm32util.o
                0x08001b7c                GPIO_AF
 .text.EXTI_Bind
                0x08001bbc      0x138 bsp/src/stm32util.o
                0x08001bbc                EXTI_Bind
 .text.Encoder_Bind
                0x08001cf4      0x1d8 bsp/src/stm32util.o
                0x08001cf4                Encoder_Bind
 .text.USART_Bind
                0x08001ecc     0x1c20 bsp/src/stm32util.o
                0x08001ecc                USART_Bind
 .text.USART_Config
                0x08003aec      0x1f0 bsp/src/stm32util.o
                0x08003aec                USART_Config
 .text.PWM_Bind
                0x08003cdc     0x2724 bsp/src/stm32util.o
                0x08003cdc                PWM_Bind
 .text.TIM_Config
                0x08006400      0x158 bsp/src/stm32util.o
                0x08006400                TIM_Config
 .text.TIM_OC_Config
                0x08006558       0xb4 bsp/src/stm32util.o
                0x08006558                TIM_OC_Config
 .text.NVIC_Config
                0x0800660c       0x34 bsp/src/stm32util.o
                0x0800660c                NVIC_Config
 .text.CAN_Config
                0x08006640       0x88 bsp/src/stm32util.o
                0x08006640                CAN_Config
 .text.CAN_Filter_Config
                0x080066c8       0x58 bsp/src/stm32util.o
                0x080066c8                CAN_Filter_Config
 .text.DMA_Config
                0x08006720       0x98 bsp/src/stm32util.o
                0x08006720                DMA_Config
 .text.EXTI_Config
                0x080067b8       0x3c bsp/src/stm32util.o
                0x080067b8                EXTI_Config
 .text.SystemInit
                0x080067f4       0x6c bsp/src/system_stm32f4xx.o
                0x080067f4                SystemInit
 .text.SetSysClock
                0x08006860       0xf8 bsp/src/system_stm32f4xx.o
 .text.TickTim_Config
                0x08006958       0x38 bsp/src/tim.o
                0x08006958                TickTim_Config
 .text.TickTim_Start
                0x08006990       0x28 bsp/src/tim.o
                0x08006990                TickTim_Start
 .text.SyncTim_Config
                0x080069b8       0x30 bsp/src/tim.o
                0x080069b8                SyncTim_Config
 .text.SyncTim_Start
                0x080069e8       0x28 bsp/src/tim.o
                0x080069e8                SyncTim_Start
 .text.Tim_Config
                0x08006a10       0x10 bsp/src/tim.o
                0x08006a10                Tim_Config
 .text.Tim_Start
                0x08006a20       0x10 bsp/src/tim.o
                0x08006a20                Tim_Start
 .text.Tty_Config
                0x08006a30       0x7c bsp/src/tty.o
                0x08006a30                Tty_Config
 .text.NVIC_PriorityGroupConfig
                0x08006aac       0x28 stl/StdPeriph_Driver/src/misc.o
                0x08006aac                NVIC_PriorityGroupConfig
 .text.NVIC_Init
                0x08006ad4       0xc4 stl/StdPeriph_Driver/src/misc.o
                0x08006ad4                NVIC_Init
 .text.CAN_Init
                0x08006b98      0x1a4 stl/StdPeriph_Driver/src/stm32f4xx_can.o
                0x08006b98                CAN_Init
 .text.CAN_FilterInit
                0x08006d3c      0x178 stl/StdPeriph_Driver/src/stm32f4xx_can.o
                0x08006d3c                CAN_FilterInit
 .text.CAN_Transmit
                0x08006eb4      0x198 stl/StdPeriph_Driver/src/stm32f4xx_can.o
                0x08006eb4                CAN_Transmit
 .text.CAN_ITConfig
                0x0800704c       0x3c stl/StdPeriph_Driver/src/stm32f4xx_can.o
                0x0800704c                CAN_ITConfig
 .text.DMA_Init
                0x08007088       0xb0 stl/StdPeriph_Driver/src/stm32f4xx_dma.o
                0x08007088                DMA_Init
 .text.DMA_Cmd  0x08007138       0x38 stl/StdPeriph_Driver/src/stm32f4xx_dma.o
                0x08007138                DMA_Cmd
 .text.DMA_DoubleBufferModeConfig
                0x08007170       0x40 stl/StdPeriph_Driver/src/stm32f4xx_dma.o
                0x08007170                DMA_DoubleBufferModeConfig
 .text.DMA_DoubleBufferModeCmd
                0x080071b0       0x38 stl/StdPeriph_Driver/src/stm32f4xx_dma.o
                0x080071b0                DMA_DoubleBufferModeCmd
 .text.EXTI_Init
                0x080071e8       0xe4 stl/StdPeriph_Driver/src/stm32f4xx_exti.o
                0x080071e8                EXTI_Init
 .text.GPIO_Init
                0x080072cc      0x11c stl/StdPeriph_Driver/src/stm32f4xx_gpio.o
                0x080072cc                GPIO_Init
 .text.GPIO_ReadInputDataBit
                0x080073e8       0x34 stl/StdPeriph_Driver/src/stm32f4xx_gpio.o
                0x080073e8                GPIO_ReadInputDataBit
 .text.GPIO_SetBits
                0x0800741c       0x20 stl/StdPeriph_Driver/src/stm32f4xx_gpio.o
                0x0800741c                GPIO_SetBits
 .text.GPIO_ResetBits
                0x0800743c       0x20 stl/StdPeriph_Driver/src/stm32f4xx_gpio.o
                0x0800743c                GPIO_ResetBits
 .text.GPIO_PinAFConfig
                0x0800745c       0x94 stl/StdPeriph_Driver/src/stm32f4xx_gpio.o
                0x0800745c                GPIO_PinAFConfig
 .text.RCC_GetClocksFreq
                0x080074f0      0x154 stl/StdPeriph_Driver/src/stm32f4xx_rcc.o
                0x080074f0                RCC_GetClocksFreq
 .text.RCC_AHB1PeriphClockCmd
                0x08007644       0x40 stl/StdPeriph_Driver/src/stm32f4xx_rcc.o
                0x08007644                RCC_AHB1PeriphClockCmd
 .text.RCC_APB1PeriphClockCmd
                0x08007684       0x40 stl/StdPeriph_Driver/src/stm32f4xx_rcc.o
                0x08007684                RCC_APB1PeriphClockCmd
 .text.RCC_APB2PeriphClockCmd
                0x080076c4       0x40 stl/StdPeriph_Driver/src/stm32f4xx_rcc.o
                0x080076c4                RCC_APB2PeriphClockCmd
 .text.SYSCFG_EXTILineConfig
                0x08007704       0x84 stl/StdPeriph_Driver/src/stm32f4xx_syscfg.o
                0x08007704                SYSCFG_EXTILineConfig
 .text.TIM_TimeBaseInit
                0x08007788       0xd8 stl/StdPeriph_Driver/src/stm32f4xx_tim.o
                0x08007788                TIM_TimeBaseInit
 .text.TIM_ARRPreloadConfig
                0x08007860       0x40 stl/StdPeriph_Driver/src/stm32f4xx_tim.o
                0x08007860                TIM_ARRPreloadConfig
 .text.TIM_Cmd  0x080078a0       0x40 stl/StdPeriph_Driver/src/stm32f4xx_tim.o
                0x080078a0                TIM_Cmd
 .text.TIM_OC1Init
                0x080078e0       0xf4 stl/StdPeriph_Driver/src/stm32f4xx_tim.o
                0x080078e0                TIM_OC1Init
 .text.TIM_OC2Init
                0x080079d4      0x110 stl/StdPeriph_Driver/src/stm32f4xx_tim.o
                0x080079d4                TIM_OC2Init
 .text.TIM_OC3Init
                0x08007ae4      0x10c stl/StdPeriph_Driver/src/stm32f4xx_tim.o
                0x08007ae4                TIM_OC3Init
 .text.TIM_OC4Init
                0x08007bf0       0xd0 stl/StdPeriph_Driver/src/stm32f4xx_tim.o
                0x08007bf0                TIM_OC4Init
 .text.TIM_OC1PreloadConfig
                0x08007cc0       0x38 stl/StdPeriph_Driver/src/stm32f4xx_tim.o
                0x08007cc0                TIM_OC1PreloadConfig
 .text.TIM_OC2PreloadConfig
                0x08007cf8       0x3c stl/StdPeriph_Driver/src/stm32f4xx_tim.o
                0x08007cf8                TIM_OC2PreloadConfig
 .text.TIM_OC3PreloadConfig
                0x08007d34       0x38 stl/StdPeriph_Driver/src/stm32f4xx_tim.o
                0x08007d34                TIM_OC3PreloadConfig
 .text.TIM_OC4PreloadConfig
                0x08007d6c       0x3c stl/StdPeriph_Driver/src/stm32f4xx_tim.o
                0x08007d6c                TIM_OC4PreloadConfig
 .text.TIM_ITConfig
                0x08007da8       0x48 stl/StdPeriph_Driver/src/stm32f4xx_tim.o
                0x08007da8                TIM_ITConfig
 .text.TIM_ClearFlag
                0x08007df0       0x24 stl/StdPeriph_Driver/src/stm32f4xx_tim.o
                0x08007df0                TIM_ClearFlag
 .text.TIM_EncoderInterfaceConfig
                0x08007e14       0x98 stl/StdPeriph_Driver/src/stm32f4xx_tim.o
                0x08007e14                TIM_EncoderInterfaceConfig
 .text.USART_Init
                0x08007eac      0x174 stl/StdPeriph_Driver/src/stm32f4xx_usart.o
                0x08007eac                USART_Init
 .text.USART_Cmd
                0x08008020       0x40 stl/StdPeriph_Driver/src/stm32f4xx_usart.o
                0x08008020                USART_Cmd
 .text.USART_DMACmd
                0x08008060       0x48 stl/StdPeriph_Driver/src/stm32f4xx_usart.o
                0x08008060                USART_DMACmd
 .text.USART_ITConfig
                0x080080a8       0x90 stl/StdPeriph_Driver/src/stm32f4xx_usart.o
                0x080080a8                USART_ITConfig
 .text._sbrk    0x08008138       0x58 syscalls.o
                0x08008138                _sbrk
 .text.main     0x08008190        0xc usr/src/main.o
                0x08008190                main
 .text.__errno  0x0800819c        0xc /home/bj/.p2/pool/plugins/fr.ac6.mcu.externaltools.arm-none.linux64_1.12.0.201611241417/tools/compiler/bin/../lib/gcc/arm-none-eabi/5.4.1/../../../../arm-none-eabi/lib/armv7e-m/fpu/libc.a(lib_a-errno.o)
                0x0800819c                __errno
 .text.__libc_init_array
                0x080081a8       0x50 /home/bj/.p2/pool/plugins/fr.ac6.mcu.externaltools.arm-none.linux64_1.12.0.201611241417/tools/compiler/bin/../lib/gcc/arm-none-eabi/5.4.1/../../../../arm-none-eabi/lib/armv7e-m/fpu/libc.a(lib_a-init.o)
                0x080081a8                __libc_init_array
 .text.malloc   0x080081f8       0x10 /home/bj/.p2/pool/plugins/fr.ac6.mcu.externaltools.arm-none.linux64_1.12.0.201611241417/tools/compiler/bin/../lib/gcc/arm-none-eabi/5.4.1/../../../../arm-none-eabi/lib/armv7e-m/fpu/libc.a(lib_a-malloc.o)
                0x080081f8                malloc
 .text.free     0x08008208       0x10 /home/bj/.p2/pool/plugins/fr.ac6.mcu.externaltools.arm-none.linux64_1.12.0.201611241417/tools/compiler/bin/../lib/gcc/arm-none-eabi/5.4.1/../../../../arm-none-eabi/lib/armv7e-m/fpu/libc.a(lib_a-malloc.o)
                0x08008208                free
 .text._malloc_r
                0x08008218      0x570 /home/bj/.p2/pool/plugins/fr.ac6.mcu.externaltools.arm-none.linux64_1.12.0.201611241417/tools/compiler/bin/../lib/gcc/arm-none-eabi/5.4.1/../../../../arm-none-eabi/lib/armv7e-m/fpu/libc.a(lib_a-mallocr.o)
                0x08008218                _malloc_r
 .text.memset   0x08008788       0x9c /home/bj/.p2/pool/plugins/fr.ac6.mcu.externaltools.arm-none.linux64_1.12.0.201611241417/tools/compiler/bin/../lib/gcc/arm-none-eabi/5.4.1/../../../../arm-none-eabi/lib/armv7e-m/fpu/libc.a(lib_a-memset.o)
                0x08008788                memset
 .text.__malloc_lock
                0x08008824        0x4 /home/bj/.p2/pool/plugins/fr.ac6.mcu.externaltools.arm-none.linux64_1.12.0.201611241417/tools/compiler/bin/../lib/gcc/arm-none-eabi/5.4.1/../../../../arm-none-eabi/lib/armv7e-m/fpu/libc.a(lib_a-mlock.o)
                0x08008824                __malloc_lock
 .text.__malloc_unlock
                0x08008828        0x4 /home/bj/.p2/pool/plugins/fr.ac6.mcu.externaltools.arm-none.linux64_1.12.0.201611241417/tools/compiler/bin/../lib/gcc/arm-none-eabi/5.4.1/../../../../arm-none-eabi/lib/armv7e-m/fpu/libc.a(lib_a-mlock.o)
                0x08008828                __malloc_unlock
 .text._sbrk_r  0x0800882c       0x24 /home/bj/.p2/pool/plugins/fr.ac6.mcu.externaltools.arm-none.linux64_1.12.0.201611241417/tools/compiler/bin/../lib/gcc/arm-none-eabi/5.4.1/../../../../arm-none-eabi/lib/armv7e-m/fpu/libc.a(lib_a-sbrkr.o)
                0x0800882c                _sbrk_r
 .text.startup.register_fini
                0x08008850       0x14 /home/bj/.p2/pool/plugins/fr.ac6.mcu.externaltools.arm-none.linux64_1.12.0.201611241417/tools/compiler/bin/../lib/gcc/arm-none-eabi/5.4.1/../../../../arm-none-eabi/lib/armv7e-m/fpu/libc.a(lib_a-__call_atexit.o)
 .text.atexit   0x08008864        0xc /home/bj/.p2/pool/plugins/fr.ac6.mcu.externaltools.arm-none.linux64_1.12.0.201611241417/tools/compiler/bin/../lib/gcc/arm-none-eabi/5.4.1/../../../../arm-none-eabi/lib/armv7e-m/fpu/libc.a(lib_a-atexit.o)
                0x08008864                atexit
 .text.__libc_fini_array
                0x08008870       0x28 /home/bj/.p2/pool/plugins/fr.ac6.mcu.externaltools.arm-none.linux64_1.12.0.201611241417/tools/compiler/bin/../lib/gcc/arm-none-eabi/5.4.1/../../../../arm-none-eabi/lib/armv7e-m/fpu/libc.a(lib_a-fini.o)
                0x08008870                __libc_fini_array
 .text._malloc_trim_r
                0x08008898       0x9c /home/bj/.p2/pool/plugins/fr.ac6.mcu.externaltools.arm-none.linux64_1.12.0.201611241417/tools/compiler/bin/../lib/gcc/arm-none-eabi/5.4.1/../../../../arm-none-eabi/lib/armv7e-m/fpu/libc.a(lib_a-freer.o)
                0x08008898                _malloc_trim_r
 .text._free_r  0x08008934      0x1d0 /home/bj/.p2/pool/plugins/fr.ac6.mcu.externaltools.arm-none.linux64_1.12.0.201611241417/tools/compiler/bin/../lib/gcc/arm-none-eabi/5.4.1/../../../../arm-none-eabi/lib/armv7e-m/fpu/libc.a(lib_a-freer.o)
                0x08008934                _free_r
 .text.__register_exitproc
                0x08008b04       0xa4 /home/bj/.p2/pool/plugins/fr.ac6.mcu.externaltools.arm-none.linux64_1.12.0.201611241417/tools/compiler/bin/../lib/gcc/arm-none-eabi/5.4.1/../../../../arm-none-eabi/lib/armv7e-m/fpu/libc.a(lib_a-__atexit.o)
                0x08008b04                __register_exitproc
 *(.glue_7)
 .glue_7        0x08008ba8        0x0 linker stubs
 *(.glue_7t)
 .glue_7t       0x08008ba8        0x0 linker stubs
 *(.eh_frame)
 .eh_frame      0x08008ba8        0x0 /home/bj/.p2/pool/plugins/fr.ac6.mcu.externaltools.arm-none.linux64_1.12.0.201611241417/tools/compiler/bin/../lib/gcc/arm-none-eabi/5.4.1/armv7e-m/fpu/crtbegin.o
 *(.init)
 .init          0x08008ba8        0x4 /home/bj/.p2/pool/plugins/fr.ac6.mcu.externaltools.arm-none.linux64_1.12.0.201611241417/tools/compiler/bin/../lib/gcc/arm-none-eabi/5.4.1/armv7e-m/fpu/crti.o
                0x08008ba8                _init
 .init          0x08008bac        0x8 /home/bj/.p2/pool/plugins/fr.ac6.mcu.externaltools.arm-none.linux64_1.12.0.201611241417/tools/compiler/bin/../lib/gcc/arm-none-eabi/5.4.1/armv7e-m/fpu/crtn.o
 *(.fini)
 .fini          0x08008bb4        0x4 /home/bj/.p2/pool/plugins/fr.ac6.mcu.externaltools.arm-none.linux64_1.12.0.201611241417/tools/compiler/bin/../lib/gcc/arm-none-eabi/5.4.1/armv7e-m/fpu/crti.o
                0x08008bb4                _fini
 .fini          0x08008bb8        0x8 /home/bj/.p2/pool/plugins/fr.ac6.mcu.externaltools.arm-none.linux64_1.12.0.201611241417/tools/compiler/bin/../lib/gcc/arm-none-eabi/5.4.1/armv7e-m/fpu/crtn.o
                0x08008bc0                . = ALIGN (0x4)
                0x08008bc0                _etext = .

.vfp11_veneer   0x08008bc0        0x0
 .vfp11_veneer  0x08008bc0        0x0 linker stubs

.v4_bx          0x08008bc0        0x0
 .v4_bx         0x08008bc0        0x0 linker stubs

.iplt           0x08008bc0        0x0
 .iplt          0x08008bc0        0x0 /home/bj/.p2/pool/plugins/fr.ac6.mcu.externaltools.arm-none.linux64_1.12.0.201611241417/tools/compiler/bin/../lib/gcc/arm-none-eabi/5.4.1/armv7e-m/fpu/crtbegin.o

.rodata         0x08008bc0        0x8
                0x08008bc0                . = ALIGN (0x4)
 *(.rodata)
 *(.rodata*)
 .rodata.str1.4
                0x08008bc0        0x4 /home/bj/.p2/pool/plugins/fr.ac6.mcu.externaltools.arm-none.linux64_1.12.0.201611241417/tools/compiler/bin/../lib/gcc/arm-none-eabi/5.4.1/../../../../arm-none-eabi/lib/armv7e-m/fpu/libc.a(lib_a-impure.o)
                                  0x2 (size before relaxing)
 .rodata._global_impure_ptr
                0x08008bc4        0x4 /home/bj/.p2/pool/plugins/fr.ac6.mcu.externaltools.arm-none.linux64_1.12.0.201611241417/tools/compiler/bin/../lib/gcc/arm-none-eabi/5.4.1/../../../../arm-none-eabi/lib/armv7e-m/fpu/libc.a(lib_a-impure.o)
                0x08008bc4                _global_impure_ptr
                0x08008bc8                . = ALIGN (0x4)

.rel.dyn        0x08008bc8        0x0
 .rel.iplt      0x08008bc8        0x0 /home/bj/.p2/pool/plugins/fr.ac6.mcu.externaltools.arm-none.linux64_1.12.0.201611241417/tools/compiler/bin/../lib/gcc/arm-none-eabi/5.4.1/armv7e-m/fpu/crtbegin.o

.ARM.extab      0x08008bc8        0x0
                0x08008bc8                . = ALIGN (0x4)
 *(.ARM.extab* .gnu.linkonce.armextab.*)
                0x08008bc8                . = ALIGN (0x4)

.ARM            0x08008bc8        0x0
                0x08008bc8                . = ALIGN (0x4)
                0x08008bc8                __exidx_start = .
 *(.ARM.exidx*)
                0x08008bc8                __exidx_end = .
                0x08008bc8                . = ALIGN (0x4)

.preinit_array  0x08008bc8        0x0
                0x08008bc8                . = ALIGN (0x4)
                0x08008bc8                PROVIDE (__preinit_array_start, .)
 *(.preinit_array*)
                0x08008bc8                PROVIDE (__preinit_array_end, .)
                0x08008bc8                . = ALIGN (0x4)

.init_array     0x08008bc8        0x8
                0x08008bc8                . = ALIGN (0x4)
                0x08008bc8                PROVIDE (__init_array_start, .)
 *(SORT(.init_array.*))
 .init_array.00000
                0x08008bc8        0x4 /home/bj/.p2/pool/plugins/fr.ac6.mcu.externaltools.arm-none.linux64_1.12.0.201611241417/tools/compiler/bin/../lib/gcc/arm-none-eabi/5.4.1/../../../../arm-none-eabi/lib/armv7e-m/fpu/libc.a(lib_a-__call_atexit.o)
 *(.init_array*)
 .init_array    0x08008bcc        0x4 /home/bj/.p2/pool/plugins/fr.ac6.mcu.externaltools.arm-none.linux64_1.12.0.201611241417/tools/compiler/bin/../lib/gcc/arm-none-eabi/5.4.1/armv7e-m/fpu/crtbegin.o
                0x08008bd0                PROVIDE (__init_array_end, .)
                0x08008bd0                . = ALIGN (0x4)

.fini_array     0x08008bd0        0x4
                0x08008bd0                . = ALIGN (0x4)
                0x08008bd0                PROVIDE (__fini_array_start, .)
 *(SORT(.fini_array.*))
 *(.fini_array*)
 .fini_array    0x08008bd0        0x4 /home/bj/.p2/pool/plugins/fr.ac6.mcu.externaltools.arm-none.linux64_1.12.0.201611241417/tools/compiler/bin/../lib/gcc/arm-none-eabi/5.4.1/armv7e-m/fpu/crtbegin.o
                0x08008bd4                PROVIDE (__fini_array_end, .)
                0x08008bd4                . = ALIGN (0x4)
                0x08008bd4                _sidata = LOADADDR (.data)

.data           0x20000000      0x95c load address 0x08008bd4
                0x20000000                . = ALIGN (0x4)
                0x20000000                _sdata = .
 *(.data)
 .data          0x20000000      0x110 app/src/cfg.o
                0x20000000                cfg
 .data          0x20000110       0x10 stl/StdPeriph_Driver/src/stm32f4xx_rcc.o
 *(.data*)
 .data.impure_data
                0x20000120      0x428 /home/bj/.p2/pool/plugins/fr.ac6.mcu.externaltools.arm-none.linux64_1.12.0.201611241417/tools/compiler/bin/../lib/gcc/arm-none-eabi/5.4.1/../../../../arm-none-eabi/lib/armv7e-m/fpu/libc.a(lib_a-impure.o)
 .data._impure_ptr
                0x20000548        0x4 /home/bj/.p2/pool/plugins/fr.ac6.mcu.externaltools.arm-none.linux64_1.12.0.201611241417/tools/compiler/bin/../lib/gcc/arm-none-eabi/5.4.1/../../../../arm-none-eabi/lib/armv7e-m/fpu/libc.a(lib_a-impure.o)
                0x20000548                _impure_ptr
 .data.__malloc_av_
                0x2000054c      0x408 /home/bj/.p2/pool/plugins/fr.ac6.mcu.externaltools.arm-none.linux64_1.12.0.201611241417/tools/compiler/bin/../lib/gcc/arm-none-eabi/5.4.1/../../../../arm-none-eabi/lib/armv7e-m/fpu/libc.a(lib_a-mallocr.o)
                0x2000054c                __malloc_av_
 .data.__malloc_trim_threshold
                0x20000954        0x4 /home/bj/.p2/pool/plugins/fr.ac6.mcu.externaltools.arm-none.linux64_1.12.0.201611241417/tools/compiler/bin/../lib/gcc/arm-none-eabi/5.4.1/../../../../arm-none-eabi/lib/armv7e-m/fpu/libc.a(lib_a-mallocr.o)
                0x20000954                __malloc_trim_threshold
 .data.__malloc_sbrk_base
                0x20000958        0x4 /home/bj/.p2/pool/plugins/fr.ac6.mcu.externaltools.arm-none.linux64_1.12.0.201611241417/tools/compiler/bin/../lib/gcc/arm-none-eabi/5.4.1/../../../../arm-none-eabi/lib/armv7e-m/fpu/libc.a(lib_a-mallocr.o)
                0x20000958                __malloc_sbrk_base
                0x2000095c                . = ALIGN (0x4)
                0x2000095c                _edata = .

.jcr            0x2000095c        0x0 load address 0x08009530
 .jcr           0x2000095c        0x0 /home/bj/.p2/pool/plugins/fr.ac6.mcu.externaltools.arm-none.linux64_1.12.0.201611241417/tools/compiler/bin/../lib/gcc/arm-none-eabi/5.4.1/armv7e-m/fpu/crtbegin.o

.igot.plt       0x2000095c        0x0 load address 0x08009530
 .igot.plt      0x2000095c        0x0 /home/bj/.p2/pool/plugins/fr.ac6.mcu.externaltools.arm-none.linux64_1.12.0.201611241417/tools/compiler/bin/../lib/gcc/arm-none-eabi/5.4.1/armv7e-m/fpu/crtbegin.o
                0x2000095c                . = ALIGN (0x4)

.bss            0x2000095c      0x774 load address 0x08009530
                0x2000095c                _sbss = .
                0x2000095c                __bss_start__ = _sbss
 *(.bss)
 .bss           0x2000095c       0x1c /home/bj/.p2/pool/plugins/fr.ac6.mcu.externaltools.arm-none.linux64_1.12.0.201611241417/tools/compiler/bin/../lib/gcc/arm-none-eabi/5.4.1/armv7e-m/fpu/crtbegin.o
 .bss           0x20000978       0x18 app/src/can.o
 .bss           0x20000990        0x8 app/src/clk.o
 .bss           0x20000998        0x4 app/src/ini.o
 .bss           0x2000099c       0x48 bsp/src/rcv.o
 .bss           0x200009e4      0x228 bsp/src/tty.o
 .bss           0x20000c0c        0x8 syscalls.o
                0x20000c0c                __env
 *(.bss*)
 .bss.__malloc_max_total_mem
                0x20000c14        0x4 /home/bj/.p2/pool/plugins/fr.ac6.mcu.externaltools.arm-none.linux64_1.12.0.201611241417/tools/compiler/bin/../lib/gcc/arm-none-eabi/5.4.1/../../../../arm-none-eabi/lib/armv7e-m/fpu/libc.a(lib_a-mallocr.o)
                0x20000c14                __malloc_max_total_mem
 .bss.__malloc_max_sbrked_mem
                0x20000c18        0x4 /home/bj/.p2/pool/plugins/fr.ac6.mcu.externaltools.arm-none.linux64_1.12.0.201611241417/tools/compiler/bin/../lib/gcc/arm-none-eabi/5.4.1/../../../../arm-none-eabi/lib/armv7e-m/fpu/libc.a(lib_a-mallocr.o)
                0x20000c18                __malloc_max_sbrked_mem
 .bss.__malloc_top_pad
                0x20000c1c        0x4 /home/bj/.p2/pool/plugins/fr.ac6.mcu.externaltools.arm-none.linux64_1.12.0.201611241417/tools/compiler/bin/../lib/gcc/arm-none-eabi/5.4.1/../../../../arm-none-eabi/lib/armv7e-m/fpu/libc.a(lib_a-mallocr.o)
                0x20000c1c                __malloc_top_pad
 .bss.__malloc_current_mallinfo
                0x20000c20       0x28 /home/bj/.p2/pool/plugins/fr.ac6.mcu.externaltools.arm-none.linux64_1.12.0.201611241417/tools/compiler/bin/../lib/gcc/arm-none-eabi/5.4.1/../../../../arm-none-eabi/lib/armv7e-m/fpu/libc.a(lib_a-mallocr.o)
                0x20000c20                __malloc_current_mallinfo
 *(COMMON)
 COMMON         0x20000c48       0x28 app/src/cmd.o
                0x20000c48                chassisVelocityRef
                0x20000c54                pantiltPositionRef
                0x20000c5c                functionalStateRef
                0x20000c60                mecanumVelocityRef
 COMMON         0x20000c70      0x19c app/src/ctl.o
                0x20000c70                CM2SpeedRamp
                0x20000c78                GMYSpeedRamp
                0x20000c80                CM4SpeedPID
                0x20000ca8                mecanumCurrentsCtl
                0x20000cb8                pantiltVelocityCtl
                0x20000cc0                workingStateSwitch
                0x20000cc4                CM3SpeedRamp
                0x20000ccc                CM1SpeedPID
                0x20000cf4                functionalStateCtl
                0x20000cf8                GMYAnglePID
                0x20000d20                GMPSpeedPID
                0x20000d48                CM2SpeedPID
                0x20000d70                GMPAnglePID
                0x20000d98                workingState
                0x20000d9c                pantiltCurrentsCtl
                0x20000da4                CM4SpeedRamp
                0x20000dac                GMPSpeedRamp
                0x20000db4                CM3SpeedPID
                0x20000ddc                GMYSpeedPID
                0x20000e04                CM1SpeedRamp
 COMMON         0x20000e0c       0x78 app/src/ins.o
                0x20000e0c                ahrs
                0x20000e30                imu
                0x20000e60                mag
                0x20000e78                euler
 COMMON         0x20000e84       0x14 app/src/mec.o
                0x20000e84                mecanum
 COMMON         0x20000e98       0x64 app/src/odo.o
                0x20000e98                mecanumPositionFdb
                0x20000ea8                pantiltPositionFdb
                0x20000eb0                pantiltCurrentsFdb
                0x20000eb8                chassisPositionFdb
                0x20000ec4                pantiltVelocityFdb
                0x20000ecc                functionalStateFdb
                0x20000ed0                chassisVelocityFdb
                0x20000edc                mecanumCurrentsFdb
                0x20000eec                mecanumVelocityFdb
 COMMON         0x20000efc      0x1d0 app/src/pwr.o
                0x20000efc                voltage
                0x20000f14                mafilter
                0x20000f24                current
                0x20000f3c                buf
 COMMON         0x200010cc        0x4 /home/bj/.p2/pool/plugins/fr.ac6.mcu.externaltools.arm-none.linux64_1.12.0.201611241417/tools/compiler/bin/../lib/gcc/arm-none-eabi/5.4.1/../../../../arm-none-eabi/lib/armv7e-m/fpu/libc.a(lib_a-reent.o)
                0x200010cc                errno
                0x200010d0                . = ALIGN (0x4)
                0x200010d0                _ebss = .
                0x200010d0                __bss_end__ = _ebss

._user_heap_stack
                0x200010d0      0x400 load address 0x08009530
                0x200010d0                . = ALIGN (0x8)
                0x200010d0                PROVIDE (end, .)
                [!provide]                PROVIDE (_end, .)
                0x200010d0                . = (. + _Min_Heap_Size)
                0x200014d0                . = (. + _Min_Stack_Size)
 *fill*         0x200010d0      0x400 
                0x200014d0                . = ALIGN (0x8)

/DISCARD/
 libc.a(*)
 libm.a(*)
 libgcc.a(*)

.ARM.attributes
                0x00000000       0x30
 *(.ARM.attributes)
 .ARM.attributes
                0x00000000       0x22 /home/bj/.p2/pool/plugins/fr.ac6.mcu.externaltools.arm-none.linux64_1.12.0.201611241417/tools/compiler/bin/../lib/gcc/arm-none-eabi/5.4.1/armv7e-m/fpu/crti.o
 .ARM.attributes
                0x00000022       0x34 /home/bj/.p2/pool/plugins/fr.ac6.mcu.externaltools.arm-none.linux64_1.12.0.201611241417/tools/compiler/bin/../lib/gcc/arm-none-eabi/5.4.1/armv7e-m/fpu/crtbegin.o
 .ARM.attributes
                0x00000056       0x39 app/src/act.o
 .ARM.attributes
                0x0000008f       0x39 app/src/app.o
 .ARM.attributes
                0x000000c8       0x39 app/src/can.o
 .ARM.attributes
                0x00000101       0x39 app/src/cfg.o
 .ARM.attributes
                0x0000013a       0x39 app/src/clk.o
 .ARM.attributes
                0x00000173       0x39 app/src/cmd.o
 .ARM.attributes
                0x000001ac       0x39 app/src/com.o
 .ARM.attributes
                0x000001e5       0x39 app/src/ctl.o
 .ARM.attributes
                0x0000021e       0x39 app/src/fos.o
 .ARM.attributes
                0x00000257       0x39 app/src/ini.o
 .ARM.attributes
                0x00000290       0x39 app/src/ins.o
 .ARM.attributes
                0x000002c9       0x39 app/src/mec.o
 .ARM.attributes
                0x00000302       0x39 app/src/odo.o
 .ARM.attributes
                0x0000033b       0x39 app/src/pwr.o
 .ARM.attributes
                0x00000374       0x39 app/src/sys.o
 .ARM.attributes
                0x000003ad       0x39 app/src/wdg.o
 .ARM.attributes
                0x000003e6       0x39 asp/src/ahrs.o
 .ARM.attributes
                0x0000041f       0x39 asp/src/est.o
 .ARM.attributes
                0x00000458       0x39 asp/src/fifo.o
 .ARM.attributes
                0x00000491       0x39 asp/src/gauss.o
 .ARM.attributes
                0x000004ca       0x39 asp/src/imu.o
 .ARM.attributes
                0x00000503       0x39 asp/src/kalman.o
 .ARM.attributes
                0x0000053c       0x39 asp/src/mafilter.o
 .ARM.attributes
                0x00000575       0x39 asp/src/mag.o
 .ARM.attributes
                0x000005ae       0x39 asp/src/mecanum.o
 .ARM.attributes
                0x000005e7       0x39 asp/src/pid.o
 .ARM.attributes
                0x00000620       0x39 asp/src/ramp.o
 .ARM.attributes
                0x00000659       0x39 bsp/src/bsp.o
 .ARM.attributes
                0x00000692       0x39 bsp/src/can1.o
 .ARM.attributes
                0x000006cb       0x39 bsp/src/can2.o
 .ARM.attributes
                0x00000704       0x39 bsp/src/delay.o
 .ARM.attributes
                0x0000073d       0x39 bsp/src/flash.o
 .ARM.attributes
                0x00000776       0x39 bsp/src/gun.o
 .ARM.attributes
                0x000007af       0x39 bsp/src/laser.o
 .ARM.attributes
                0x000007e8       0x39 bsp/src/led.o
 .ARM.attributes
                0x00000821       0x39 bsp/src/motor.o
 .ARM.attributes
                0x0000085a       0x39 bsp/src/mpu6050.o
 .ARM.attributes
                0x00000893       0x39 bsp/src/mpu6050_drv.o
 .ARM.attributes
                0x000008cc       0x39 bsp/src/mpu6050_i2c.o
 .ARM.attributes
                0x00000905       0x39 bsp/src/mpu6050_int.o
 .ARM.attributes
                0x0000093e       0x39 bsp/src/rcv.o
 .ARM.attributes
                0x00000977       0x39 bsp/src/spinner.o
 .ARM.attributes
                0x000009b0       0x25 bsp/src/startup_stm32.o
 .ARM.attributes
                0x000009d5       0x39 bsp/src/stm32util.o
 .ARM.attributes
                0x00000a0e       0x39 bsp/src/system_stm32f4xx.o
 .ARM.attributes
                0x00000a47       0x39 bsp/src/tim.o
 .ARM.attributes
                0x00000a80       0x39 bsp/src/tty.o
 .ARM.attributes
                0x00000ab9       0x39 stl/StdPeriph_Driver/src/misc.o
 .ARM.attributes
                0x00000af2       0x39 stl/StdPeriph_Driver/src/stm32f4xx_can.o
 .ARM.attributes
                0x00000b2b       0x39 stl/StdPeriph_Driver/src/stm32f4xx_dma.o
 .ARM.attributes
                0x00000b64       0x39 stl/StdPeriph_Driver/src/stm32f4xx_exti.o
 .ARM.attributes
                0x00000b9d       0x39 stl/StdPeriph_Driver/src/stm32f4xx_gpio.o
 .ARM.attributes
                0x00000bd6       0x39 stl/StdPeriph_Driver/src/stm32f4xx_rcc.o
 .ARM.attributes
                0x00000c0f       0x39 stl/StdPeriph_Driver/src/stm32f4xx_syscfg.o
 .ARM.attributes
                0x00000c48       0x39 stl/StdPeriph_Driver/src/stm32f4xx_tim.o
 .ARM.attributes
                0x00000c81       0x39 stl/StdPeriph_Driver/src/stm32f4xx_usart.o
 .ARM.attributes
                0x00000cba       0x39 syscalls.o
 .ARM.attributes
                0x00000cf3       0x39 usr/src/main.o
 .ARM.attributes
                0x00000d2c       0x34 /home/bj/.p2/pool/plugins/fr.ac6.mcu.externaltools.arm-none.linux64_1.12.0.201611241417/tools/compiler/bin/../lib/gcc/arm-none-eabi/5.4.1/../../../../arm-none-eabi/lib/armv7e-m/fpu/libc.a(lib_a-errno.o)
 .ARM.attributes
                0x00000d60       0x34 /home/bj/.p2/pool/plugins/fr.ac6.mcu.externaltools.arm-none.linux64_1.12.0.201611241417/tools/compiler/bin/../lib/gcc/arm-none-eabi/5.4.1/../../../../arm-none-eabi/lib/armv7e-m/fpu/libc.a(lib_a-impure.o)
 .ARM.attributes
                0x00000d94       0x34 /home/bj/.p2/pool/plugins/fr.ac6.mcu.externaltools.arm-none.linux64_1.12.0.201611241417/tools/compiler/bin/../lib/gcc/arm-none-eabi/5.4.1/../../../../arm-none-eabi/lib/armv7e-m/fpu/libc.a(lib_a-init.o)
 .ARM.attributes
                0x00000dc8       0x34 /home/bj/.p2/pool/plugins/fr.ac6.mcu.externaltools.arm-none.linux64_1.12.0.201611241417/tools/compiler/bin/../lib/gcc/arm-none-eabi/5.4.1/../../../../arm-none-eabi/lib/armv7e-m/fpu/libc.a(lib_a-malloc.o)
 .ARM.attributes
                0x00000dfc       0x34 /home/bj/.p2/pool/plugins/fr.ac6.mcu.externaltools.arm-none.linux64_1.12.0.201611241417/tools/compiler/bin/../lib/gcc/arm-none-eabi/5.4.1/../../../../arm-none-eabi/lib/armv7e-m/fpu/libc.a(lib_a-mallocr.o)
 .ARM.attributes
                0x00000e30       0x34 /home/bj/.p2/pool/plugins/fr.ac6.mcu.externaltools.arm-none.linux64_1.12.0.201611241417/tools/compiler/bin/../lib/gcc/arm-none-eabi/5.4.1/../../../../arm-none-eabi/lib/armv7e-m/fpu/libc.a(lib_a-memset.o)
 .ARM.attributes
                0x00000e64       0x34 /home/bj/.p2/pool/plugins/fr.ac6.mcu.externaltools.arm-none.linux64_1.12.0.201611241417/tools/compiler/bin/../lib/gcc/arm-none-eabi/5.4.1/../../../../arm-none-eabi/lib/armv7e-m/fpu/libc.a(lib_a-mlock.o)
 .ARM.attributes
                0x00000e98       0x34 /home/bj/.p2/pool/plugins/fr.ac6.mcu.externaltools.arm-none.linux64_1.12.0.201611241417/tools/compiler/bin/../lib/gcc/arm-none-eabi/5.4.1/../../../../arm-none-eabi/lib/armv7e-m/fpu/libc.a(lib_a-sbrkr.o)
 .ARM.attributes
                0x00000ecc       0x34 /home/bj/.p2/pool/plugins/fr.ac6.mcu.externaltools.arm-none.linux64_1.12.0.201611241417/tools/compiler/bin/../lib/gcc/arm-none-eabi/5.4.1/../../../../arm-none-eabi/lib/armv7e-m/fpu/libc.a(lib_a-__call_atexit.o)
 .ARM.attributes
                0x00000f00       0x34 /home/bj/.p2/pool/plugins/fr.ac6.mcu.externaltools.arm-none.linux64_1.12.0.201611241417/tools/compiler/bin/../lib/gcc/arm-none-eabi/5.4.1/../../../../arm-none-eabi/lib/armv7e-m/fpu/libc.a(lib_a-atexit.o)
 .ARM.attributes
                0x00000f34       0x34 /home/bj/.p2/pool/plugins/fr.ac6.mcu.externaltools.arm-none.linux64_1.12.0.201611241417/tools/compiler/bin/../lib/gcc/arm-none-eabi/5.4.1/../../../../arm-none-eabi/lib/armv7e-m/fpu/libc.a(lib_a-fini.o)
 .ARM.attributes
                0x00000f68       0x34 /home/bj/.p2/pool/plugins/fr.ac6.mcu.externaltools.arm-none.linux64_1.12.0.201611241417/tools/compiler/bin/../lib/gcc/arm-none-eabi/5.4.1/../../../../arm-none-eabi/lib/armv7e-m/fpu/libc.a(lib_a-freer.o)
 .ARM.attributes
                0x00000f9c       0x34 /home/bj/.p2/pool/plugins/fr.ac6.mcu.externaltools.arm-none.linux64_1.12.0.201611241417/tools/compiler/bin/../lib/gcc/arm-none-eabi/5.4.1/../../../../arm-none-eabi/lib/armv7e-m/fpu/libc.a(lib_a-reent.o)
 .ARM.attributes
                0x00000fd0       0x34 /home/bj/.p2/pool/plugins/fr.ac6.mcu.externaltools.arm-none.linux64_1.12.0.201611241417/tools/compiler/bin/../lib/gcc/arm-none-eabi/5.4.1/../../../../arm-none-eabi/lib/armv7e-m/fpu/libc.a(lib_a-__atexit.o)
 .ARM.attributes
                0x00001004       0x22 /home/bj/.p2/pool/plugins/fr.ac6.mcu.externaltools.arm-none.linux64_1.12.0.201611241417/tools/compiler/bin/../lib/gcc/arm-none-eabi/5.4.1/armv7e-m/fpu/crtn.o
OUTPUT(Infantry.elf elf32-littlearm)

.debug_info     0x00000000    0x10658
 .debug_info    0x00000000      0x6db app/src/act.o
 .debug_info    0x000006db       0xed app/src/app.o
 .debug_info    0x000007c8      0x4df app/src/can.o
 .debug_info    0x00000ca7      0x458 app/src/cfg.o
 .debug_info    0x000010ff       0xf0 app/src/clk.o
 .debug_info    0x000011ef      0x4d4 app/src/cmd.o
 .debug_info    0x000016c3      0x104 app/src/com.o
 .debug_info    0x000017c7      0x46c app/src/ctl.o
 .debug_info    0x00001c33      0x140 app/src/fos.o
 .debug_info    0x00001d73      0x8c1 app/src/ini.o
 .debug_info    0x00002634      0x2b6 app/src/ins.o
 .debug_info    0x000028ea      0x184 app/src/mec.o
 .debug_info    0x00002a6e      0x646 app/src/odo.o
 .debug_info    0x000030b4      0x197 app/src/pwr.o
 .debug_info    0x0000324b      0x2e7 app/src/sys.o
 .debug_info    0x00003532      0x1b0 app/src/wdg.o
 .debug_info    0x000036e2      0x426 asp/src/ahrs.o
 .debug_info    0x00003b08      0x2fe asp/src/est.o
 .debug_info    0x00003e06      0x376 asp/src/fifo.o
 .debug_info    0x0000417c      0x280 asp/src/gauss.o
 .debug_info    0x000043fc      0x226 asp/src/imu.o
 .debug_info    0x00004622      0x292 asp/src/kalman.o
 .debug_info    0x000048b4      0x1da asp/src/mafilter.o
 .debug_info    0x00004a8e      0x112 asp/src/mag.o
 .debug_info    0x00004ba0      0x1aa asp/src/mecanum.o
 .debug_info    0x00004d4a      0x23b asp/src/pid.o
 .debug_info    0x00004f85      0x182 asp/src/ramp.o
 .debug_info    0x00005107      0x1a7 bsp/src/bsp.o
 .debug_info    0x000052ae      0x65a bsp/src/can1.o
 .debug_info    0x00005908      0x65a bsp/src/can2.o
 .debug_info    0x00005f62       0xb8 bsp/src/delay.o
 .debug_info    0x0000601a      0x2a0 bsp/src/flash.o
 .debug_info    0x000062ba      0x2e3 bsp/src/gun.o
 .debug_info    0x0000659d      0x199 bsp/src/laser.o
 .debug_info    0x00006736      0x199 bsp/src/led.o
 .debug_info    0x000068cf      0x471 bsp/src/motor.o
 .debug_info    0x00006d40      0x11b bsp/src/mpu6050.o
 .debug_info    0x00006e5b      0x208 bsp/src/mpu6050_drv.o
 .debug_info    0x00007063      0x35b bsp/src/mpu6050_i2c.o
 .debug_info    0x000073be      0x343 bsp/src/mpu6050_int.o
 .debug_info    0x00007701      0x4fa bsp/src/rcv.o
 .debug_info    0x00007bfb      0x305 bsp/src/spinner.o
 .debug_info    0x00007f00       0xa3 bsp/src/startup_stm32.o
 .debug_info    0x00007fa3     0x1412 bsp/src/stm32util.o
 .debug_info    0x000093b5      0x60d bsp/src/system_stm32f4xx.o
 .debug_info    0x000099c2      0x5d4 bsp/src/tim.o
 .debug_info    0x00009f96      0x642 bsp/src/tty.o
 .debug_info    0x0000a5d8      0x55a stl/StdPeriph_Driver/src/misc.o
 .debug_info    0x0000ab32      0xba8 stl/StdPeriph_Driver/src/stm32f4xx_can.o
 .debug_info    0x0000b6da      0x745 stl/StdPeriph_Driver/src/stm32f4xx_dma.o
 .debug_info    0x0000be1f      0x34c stl/StdPeriph_Driver/src/stm32f4xx_exti.o
 .debug_info    0x0000c16b      0x621 stl/StdPeriph_Driver/src/stm32f4xx_gpio.o
 .debug_info    0x0000c78c      0xe5c stl/StdPeriph_Driver/src/stm32f4xx_rcc.o
 .debug_info    0x0000d5e8      0x29c stl/StdPeriph_Driver/src/stm32f4xx_syscfg.o
 .debug_info    0x0000d884     0x1c6d stl/StdPeriph_Driver/src/stm32f4xx_tim.o
 .debug_info    0x0000f4f1      0x9ce stl/StdPeriph_Driver/src/stm32f4xx_usart.o
 .debug_info    0x0000febf      0x6ca syscalls.o
 .debug_info    0x00010589       0xcf usr/src/main.o

.debug_abbrev   0x00000000     0x3b16
 .debug_abbrev  0x00000000      0x11c app/src/act.o
 .debug_abbrev  0x0000011c       0x7e app/src/app.o
 .debug_abbrev  0x0000019a      0x162 app/src/can.o
 .debug_abbrev  0x000002fc      0x10c app/src/cfg.o
 .debug_abbrev  0x00000408       0x75 app/src/clk.o
 .debug_abbrev  0x0000047d       0xcf app/src/cmd.o
 .debug_abbrev  0x0000054c       0x8f app/src/com.o
 .debug_abbrev  0x000005db       0xf3 app/src/ctl.o
 .debug_abbrev  0x000006ce       0xba app/src/fos.o
 .debug_abbrev  0x00000788      0x178 app/src/ini.o
 .debug_abbrev  0x00000900       0xdf app/src/ins.o
 .debug_abbrev  0x000009df       0x9e app/src/mec.o
 .debug_abbrev  0x00000a7d      0x125 app/src/odo.o
 .debug_abbrev  0x00000ba2       0xd5 app/src/pwr.o
 .debug_abbrev  0x00000c77       0xbc app/src/sys.o
 .debug_abbrev  0x00000d33      0x10b app/src/wdg.o
 .debug_abbrev  0x00000e3e      0x108 asp/src/ahrs.o
 .debug_abbrev  0x00000f46       0xe7 asp/src/est.o
 .debug_abbrev  0x0000102d      0x10a asp/src/fifo.o
 .debug_abbrev  0x00001137      0x101 asp/src/gauss.o
 .debug_abbrev  0x00001238       0xcb asp/src/imu.o
 .debug_abbrev  0x00001303       0xf2 asp/src/kalman.o
 .debug_abbrev  0x000013f5       0xf4 asp/src/mafilter.o
 .debug_abbrev  0x000014e9       0x99 asp/src/mag.o
 .debug_abbrev  0x00001582       0xb4 asp/src/mecanum.o
 .debug_abbrev  0x00001636       0xcd asp/src/pid.o
 .debug_abbrev  0x00001703       0xa9 asp/src/ramp.o
 .debug_abbrev  0x000017ac       0xb0 bsp/src/bsp.o
 .debug_abbrev  0x0000185c      0x171 bsp/src/can1.o
 .debug_abbrev  0x000019cd      0x171 bsp/src/can2.o
 .debug_abbrev  0x00001b3e       0x84 bsp/src/delay.o
 .debug_abbrev  0x00001bc2      0x122 bsp/src/flash.o
 .debug_abbrev  0x00001ce4       0xb6 bsp/src/gun.o
 .debug_abbrev  0x00001d9a       0xb0 bsp/src/laser.o
 .debug_abbrev  0x00001e4a       0xb0 bsp/src/led.o
 .debug_abbrev  0x00001efa      0x131 bsp/src/motor.o
 .debug_abbrev  0x0000202b       0xa1 bsp/src/mpu6050.o
 .debug_abbrev  0x000020cc       0xce bsp/src/mpu6050_drv.o
 .debug_abbrev  0x0000219a      0x168 bsp/src/mpu6050_i2c.o
 .debug_abbrev  0x00002302       0xb0 bsp/src/mpu6050_int.o
 .debug_abbrev  0x000023b2      0x140 bsp/src/rcv.o
 .debug_abbrev  0x000024f2       0xb6 bsp/src/spinner.o
 .debug_abbrev  0x000025a8       0x12 bsp/src/startup_stm32.o
 .debug_abbrev  0x000025ba      0x1de bsp/src/stm32util.o
 .debug_abbrev  0x00002798      0x13b bsp/src/system_stm32f4xx.o
 .debug_abbrev  0x000028d3       0xd9 bsp/src/tim.o
 .debug_abbrev  0x000029ac      0x1bc bsp/src/tty.o
 .debug_abbrev  0x00002b68      0x14a stl/StdPeriph_Driver/src/misc.o
 .debug_abbrev  0x00002cb2      0x1f8 stl/StdPeriph_Driver/src/stm32f4xx_can.o
 .debug_abbrev  0x00002eaa      0x15a stl/StdPeriph_Driver/src/stm32f4xx_dma.o
 .debug_abbrev  0x00003004      0x1ac stl/StdPeriph_Driver/src/stm32f4xx_exti.o
 .debug_abbrev  0x000031b0      0x1aa stl/StdPeriph_Driver/src/stm32f4xx_gpio.o
 .debug_abbrev  0x0000335a      0x1bf stl/StdPeriph_Driver/src/stm32f4xx_rcc.o
 .debug_abbrev  0x00003519      0x136 stl/StdPeriph_Driver/src/stm32f4xx_syscfg.o
 .debug_abbrev  0x0000364f      0x18c stl/StdPeriph_Driver/src/stm32f4xx_tim.o
 .debug_abbrev  0x000037db      0x15a stl/StdPeriph_Driver/src/stm32f4xx_usart.o
 .debug_abbrev  0x00003935      0x177 syscalls.o
 .debug_abbrev  0x00003aac       0x6a usr/src/main.o

.debug_aranges  0x00000000     0x1488
 .debug_aranges
                0x00000000       0x40 app/src/act.o
 .debug_aranges
                0x00000040       0x30 app/src/app.o
 .debug_aranges
                0x00000070       0x50 app/src/can.o
 .debug_aranges
                0x000000c0       0x38 app/src/cfg.o
 .debug_aranges
                0x000000f8       0x38 app/src/clk.o
 .debug_aranges
                0x00000130       0x28 app/src/cmd.o
 .debug_aranges
                0x00000158       0x30 app/src/com.o
 .debug_aranges
                0x00000188       0x50 app/src/ctl.o
 .debug_aranges
                0x000001d8       0x28 app/src/fos.o
 .debug_aranges
                0x00000200       0x50 app/src/ini.o
 .debug_aranges
                0x00000250       0x30 app/src/ins.o
 .debug_aranges
                0x00000280       0x30 app/src/mec.o
 .debug_aranges
                0x000002b0       0x70 app/src/odo.o
 .debug_aranges
                0x00000320       0x30 app/src/pwr.o
 .debug_aranges
                0x00000350       0x50 app/src/sys.o
 .debug_aranges
                0x000003a0       0x48 app/src/wdg.o
 .debug_aranges
                0x000003e8       0x38 asp/src/ahrs.o
 .debug_aranges
                0x00000420       0x38 asp/src/est.o
 .debug_aranges
                0x00000458       0x78 asp/src/fifo.o
 .debug_aranges
                0x000004d0       0x40 asp/src/gauss.o
 .debug_aranges
                0x00000510       0x28 asp/src/imu.o
 .debug_aranges
                0x00000538       0x60 asp/src/kalman.o
 .debug_aranges
                0x00000598       0x40 asp/src/mafilter.o
 .debug_aranges
                0x000005d8       0x28 asp/src/mag.o
 .debug_aranges
                0x00000600       0x30 asp/src/mecanum.o
 .debug_aranges
                0x00000630       0x30 asp/src/pid.o
 .debug_aranges
                0x00000660       0x38 asp/src/ramp.o
 .debug_aranges
                0x00000698       0x20 bsp/src/bsp.o
 .debug_aranges
                0x000006b8       0x30 bsp/src/can1.o
 .debug_aranges
                0x000006e8       0x30 bsp/src/can2.o
 .debug_aranges
                0x00000718       0x28 bsp/src/delay.o
 .debug_aranges
                0x00000740       0x38 bsp/src/flash.o
 .debug_aranges
                0x00000778       0x20 bsp/src/gun.o
 .debug_aranges
                0x00000798       0x20 bsp/src/laser.o
 .debug_aranges
                0x000007b8       0x20 bsp/src/led.o
 .debug_aranges
                0x000007d8       0x28 bsp/src/motor.o
 .debug_aranges
                0x00000800       0x28 bsp/src/mpu6050.o
 .debug_aranges
                0x00000828       0x40 bsp/src/mpu6050_drv.o
 .debug_aranges
                0x00000868       0x60 bsp/src/mpu6050_i2c.o
 .debug_aranges
                0x000008c8       0x28 bsp/src/mpu6050_int.o
 .debug_aranges
                0x000008f0       0x28 bsp/src/rcv.o
 .debug_aranges
                0x00000918       0x30 bsp/src/spinner.o
 .debug_aranges
                0x00000948       0x28 bsp/src/startup_stm32.o
 .debug_aranges
                0x00000970       0x98 bsp/src/stm32util.o
 .debug_aranges
                0x00000a08       0x30 bsp/src/system_stm32f4xx.o
 .debug_aranges
                0x00000a38       0x70 bsp/src/tim.o
 .debug_aranges
                0x00000aa8       0x58 bsp/src/tty.o
 .debug_aranges
                0x00000b00       0x40 stl/StdPeriph_Driver/src/misc.o
 .debug_aranges
                0x00000b40       0xe0 stl/StdPeriph_Driver/src/stm32f4xx_can.o
 .debug_aranges
                0x00000c20       0xb0 stl/StdPeriph_Driver/src/stm32f4xx_dma.o
 .debug_aranges
                0x00000cd0       0x58 stl/StdPeriph_Driver/src/stm32f4xx_exti.o
 .debug_aranges
                0x00000d28       0x88 stl/StdPeriph_Driver/src/stm32f4xx_gpio.o
 .debug_aranges
                0x00000db0      0x1c0 stl/StdPeriph_Driver/src/stm32f4xx_rcc.o
 .debug_aranges
                0x00000f70       0x50 stl/StdPeriph_Driver/src/stm32f4xx_syscfg.o
 .debug_aranges
                0x00000fc0      0x2f8 stl/StdPeriph_Driver/src/stm32f4xx_tim.o
 .debug_aranges
                0x000012b8      0x100 stl/StdPeriph_Driver/src/stm32f4xx_usart.o
 .debug_aranges
                0x000013b8       0xb0 syscalls.o
 .debug_aranges
                0x00001468       0x20 usr/src/main.o

.debug_ranges   0x00000000     0x10f0
 .debug_ranges  0x00000000       0x30 app/src/act.o
 .debug_ranges  0x00000030       0x20 app/src/app.o
 .debug_ranges  0x00000050       0x40 app/src/can.o
 .debug_ranges  0x00000090       0x28 app/src/cfg.o
 .debug_ranges  0x000000b8       0x28 app/src/clk.o
 .debug_ranges  0x000000e0       0x18 app/src/cmd.o
 .debug_ranges  0x000000f8       0x20 app/src/com.o
 .debug_ranges  0x00000118       0x40 app/src/ctl.o
 .debug_ranges  0x00000158       0x18 app/src/fos.o
 .debug_ranges  0x00000170       0x40 app/src/ini.o
 .debug_ranges  0x000001b0       0x20 app/src/ins.o
 .debug_ranges  0x000001d0       0x20 app/src/mec.o
 .debug_ranges  0x000001f0       0x60 app/src/odo.o
 .debug_ranges  0x00000250       0x20 app/src/pwr.o
 .debug_ranges  0x00000270       0x40 app/src/sys.o
 .debug_ranges  0x000002b0       0x38 app/src/wdg.o
 .debug_ranges  0x000002e8       0x28 asp/src/ahrs.o
 .debug_ranges  0x00000310       0x28 asp/src/est.o
 .debug_ranges  0x00000338       0x68 asp/src/fifo.o
 .debug_ranges  0x000003a0       0x30 asp/src/gauss.o
 .debug_ranges  0x000003d0       0x18 asp/src/imu.o
 .debug_ranges  0x000003e8       0x50 asp/src/kalman.o
 .debug_ranges  0x00000438       0x30 asp/src/mafilter.o
 .debug_ranges  0x00000468       0x18 asp/src/mag.o
 .debug_ranges  0x00000480       0x20 asp/src/mecanum.o
 .debug_ranges  0x000004a0       0x20 asp/src/pid.o
 .debug_ranges  0x000004c0       0x28 asp/src/ramp.o
 .debug_ranges  0x000004e8       0x10 bsp/src/bsp.o
 .debug_ranges  0x000004f8       0x20 bsp/src/can1.o
 .debug_ranges  0x00000518       0x20 bsp/src/can2.o
 .debug_ranges  0x00000538       0x18 bsp/src/delay.o
 .debug_ranges  0x00000550       0x28 bsp/src/flash.o
 .debug_ranges  0x00000578       0x10 bsp/src/gun.o
 .debug_ranges  0x00000588       0x10 bsp/src/laser.o
 .debug_ranges  0x00000598       0x10 bsp/src/led.o
 .debug_ranges  0x000005a8       0x18 bsp/src/motor.o
 .debug_ranges  0x000005c0       0x18 bsp/src/mpu6050.o
 .debug_ranges  0x000005d8       0x30 bsp/src/mpu6050_drv.o
 .debug_ranges  0x00000608       0x50 bsp/src/mpu6050_i2c.o
 .debug_ranges  0x00000658       0x18 bsp/src/mpu6050_int.o
 .debug_ranges  0x00000670       0x18 bsp/src/rcv.o
 .debug_ranges  0x00000688       0x20 bsp/src/spinner.o
 .debug_ranges  0x000006a8       0x20 bsp/src/startup_stm32.o
 .debug_ranges  0x000006c8       0x88 bsp/src/stm32util.o
 .debug_ranges  0x00000750       0x20 bsp/src/system_stm32f4xx.o
 .debug_ranges  0x00000770       0x60 bsp/src/tim.o
 .debug_ranges  0x000007d0       0x48 bsp/src/tty.o
 .debug_ranges  0x00000818       0x30 stl/StdPeriph_Driver/src/misc.o
 .debug_ranges  0x00000848       0xd0 stl/StdPeriph_Driver/src/stm32f4xx_can.o
 .debug_ranges  0x00000918       0xa0 stl/StdPeriph_Driver/src/stm32f4xx_dma.o
 .debug_ranges  0x000009b8       0x48 stl/StdPeriph_Driver/src/stm32f4xx_exti.o
 .debug_ranges  0x00000a00       0x78 stl/StdPeriph_Driver/src/stm32f4xx_gpio.o
 .debug_ranges  0x00000a78      0x1b0 stl/StdPeriph_Driver/src/stm32f4xx_rcc.o
 .debug_ranges  0x00000c28       0x40 stl/StdPeriph_Driver/src/stm32f4xx_syscfg.o
 .debug_ranges  0x00000c68      0x2e8 stl/StdPeriph_Driver/src/stm32f4xx_tim.o
 .debug_ranges  0x00000f50       0xf0 stl/StdPeriph_Driver/src/stm32f4xx_usart.o
 .debug_ranges  0x00001040       0xa0 syscalls.o
 .debug_ranges  0x000010e0       0x10 usr/src/main.o

.debug_macro    0x00000000     0xb260
 .debug_macro   0x00000000      0x477 app/src/act.o
 .debug_macro   0x00000477       0x10 app/src/act.o
 .debug_macro   0x00000487       0x34 app/src/act.o
 .debug_macro   0x000004bb      0x501 app/src/act.o
 .debug_macro   0x000009bc       0x40 app/src/act.o
 .debug_macro   0x000009fc       0x46 app/src/act.o
 .debug_macro   0x00000a42       0x6a app/src/act.o
 .debug_macro   0x00000aac       0x34 app/src/act.o
 .debug_macro   0x00000ae0       0x5e app/src/act.o
 .debug_macro   0x00000b3e       0x28 app/src/act.o
 .debug_macro   0x00000b66       0x40 app/src/act.o
 .debug_macro   0x00000ba6      0x27d app/src/act.o
 .debug_macro   0x00000e23       0x2e app/src/act.o
 .debug_macro   0x00000e51       0x64 app/src/act.o
 .debug_macro   0x00000eb5       0x76 app/src/act.o
 .debug_macro   0x00000f2b       0x1c app/src/act.o
 .debug_macro   0x00000f47       0x64 app/src/act.o
 .debug_macro   0x00000fab      0x10e app/src/act.o
 .debug_macro   0x000010b9       0x8d app/src/act.o
 .debug_macro   0x00001146       0x16 app/src/act.o
 .debug_macro   0x0000115c       0x58 app/src/act.o
 .debug_macro   0x000011b4      0x201 app/src/act.o
 .debug_macro   0x000013b5       0xb2 app/src/act.o
 .debug_macro   0x00001467       0x6a app/src/act.o
 .debug_macro   0x000014d1      0x1cc app/src/act.o
 .debug_macro   0x0000169d       0x52 app/src/act.o
 .debug_macro   0x000016ef      0x652 app/src/app.o
 .debug_macro   0x00001d41       0x4c app/src/app.o
 .debug_macro   0x00001d8d       0x8d app/src/app.o
 .debug_macro   0x00001e1a       0x4a app/src/app.o
 .debug_macro   0x00001e64      0x1e1 app/src/app.o
 .debug_macro   0x00002045       0x1c app/src/app.o
 .debug_macro   0x00002061       0x10 app/src/app.o
 .debug_macro   0x00002071       0x10 app/src/app.o
 .debug_macro   0x00002081       0x1c app/src/app.o
 .debug_macro   0x0000209d       0x52 app/src/app.o
 .debug_macro   0x000020ef       0x40 app/src/app.o
 .debug_macro   0x0000212f       0x10 app/src/app.o
 .debug_macro   0x0000213f       0x40 app/src/app.o
 .debug_macro   0x0000217f       0xd7 app/src/app.o
 .debug_macro   0x00002256       0x16 app/src/app.o
 .debug_macro   0x0000226c      0x189 app/src/app.o
 .debug_macro   0x000023f5       0x52 app/src/app.o
 .debug_macro   0x00002447       0x46 app/src/app.o
 .debug_macro   0x0000248d       0x76 app/src/app.o
 .debug_macro   0x00002503       0x10 app/src/app.o
 .debug_macro   0x00002513      0x4fb app/src/app.o
 .debug_macro   0x00002a0e       0x58 app/src/app.o
 .debug_macro   0x00002a66       0x76 app/src/app.o
 .debug_macro   0x00002adc       0x28 app/src/app.o
 .debug_macro   0x00002b04       0x1c app/src/app.o
 .debug_macro   0x00002b20       0x16 app/src/app.o
 .debug_macro   0x00002b36      0x196 app/src/can.o
 .debug_macro   0x00002ccc      0x1e6 app/src/cfg.o
 .debug_macro   0x00002eb2       0x6d app/src/clk.o
 .debug_macro   0x00002f1f      0x21a app/src/cmd.o
 .debug_macro   0x00003139      0x2d4 app/src/com.o
 .debug_macro   0x0000340d      0x46d app/src/ctl.o
 .debug_macro   0x0000387a      0x1d7 app/src/fos.o
 .debug_macro   0x00003a51      0x467 app/src/ini.o
 .debug_macro   0x00003eb8      0x1a1 app/src/ins.o
 .debug_macro   0x00004059       0x7c app/src/mec.o
 .debug_macro   0x000040d5       0x3a app/src/mec.o
 .debug_macro   0x0000410f      0x402 app/src/odo.o
 .debug_macro   0x00004511      0x191 app/src/pwr.o
 .debug_macro   0x000046a2       0x10 app/src/pwr.o
 .debug_macro   0x000046b2       0x72 app/src/sys.o
 .debug_macro   0x00004724       0x72 app/src/wdg.o
 .debug_macro   0x00004796       0xac app/src/wdg.o
 .debug_macro   0x00004842       0xe6 asp/src/ahrs.o
 .debug_macro   0x00004928      0x160 asp/src/est.o
 .debug_macro   0x00004a88      0x149 asp/src/fifo.o
 .debug_macro   0x00004bd1      0x152 asp/src/gauss.o
 .debug_macro   0x00004d23      0x170 asp/src/imu.o
 .debug_macro   0x00004e93      0x149 asp/src/kalman.o
 .debug_macro   0x00004fdc      0x149 asp/src/mafilter.o
 .debug_macro   0x00005125       0x1b asp/src/mag.o
 .debug_macro   0x00005140       0x72 asp/src/mecanum.o
 .debug_macro   0x000051b2       0x79 asp/src/pid.o
 .debug_macro   0x0000522b       0x73 asp/src/ramp.o
 .debug_macro   0x0000529e      0x35e bsp/src/bsp.o
 .debug_macro   0x000055fc      0x1d6 bsp/src/can1.o
 .debug_macro   0x000057d2      0x1d6 bsp/src/can2.o
 .debug_macro   0x000059a8       0x40 bsp/src/can2.o
 .debug_macro   0x000059e8       0x1b bsp/src/delay.o
 .debug_macro   0x00005a03      0x1cd bsp/src/flash.o
 .debug_macro   0x00005bd0      0x1d6 bsp/src/gun.o
 .debug_macro   0x00005da6       0x64 bsp/src/gun.o
 .debug_macro   0x00005e0a      0x1d6 bsp/src/laser.o
 .debug_macro   0x00005fe0       0x2e bsp/src/laser.o
 .debug_macro   0x0000600e      0x1d6 bsp/src/led.o
 .debug_macro   0x000061e4       0x58 bsp/src/led.o
 .debug_macro   0x0000623c      0x1c7 bsp/src/motor.o
 .debug_macro   0x00006403       0x22 bsp/src/motor.o
 .debug_macro   0x00006425      0x208 bsp/src/mpu6050.o
 .debug_macro   0x0000662d       0x3a bsp/src/mpu6050.o
 .debug_macro   0x00006667      0x277 bsp/src/mpu6050.o
 .debug_macro   0x000068de      0x1ef bsp/src/mpu6050_drv.o
 .debug_macro   0x00006acd      0x1dc bsp/src/mpu6050_i2c.o
 .debug_macro   0x00006ca9      0x1d6 bsp/src/mpu6050_int.o
 .debug_macro   0x00006e7f       0x28 bsp/src/mpu6050_int.o
 .debug_macro   0x00006ea7      0x1d6 bsp/src/rcv.o
 .debug_macro   0x0000707d       0x5e bsp/src/rcv.o
 .debug_macro   0x000070db      0x1d6 bsp/src/spinner.o
 .debug_macro   0x000072b1       0x70 bsp/src/spinner.o
 .debug_macro   0x00007321      0x1cd bsp/src/stm32util.o
 .debug_macro   0x000074ee      0x1d2 bsp/src/system_stm32f4xx.o
 .debug_macro   0x000076c0      0x1d6 bsp/src/tim.o
 .debug_macro   0x00007896       0x5e bsp/src/tim.o
 .debug_macro   0x000078f4      0x2bc bsp/src/tty.o
 .debug_macro   0x00007bb0      0x1be stl/StdPeriph_Driver/src/misc.o
 .debug_macro   0x00007d6e       0x7c stl/StdPeriph_Driver/src/misc.o
 .debug_macro   0x00007dea      0x211 stl/StdPeriph_Driver/src/stm32f4xx_can.o
 .debug_macro   0x00007ffb      0x3c9 stl/StdPeriph_Driver/src/stm32f4xx_can.o
 .debug_macro   0x000083c4      0x210 stl/StdPeriph_Driver/src/stm32f4xx_dma.o
 .debug_macro   0x000085d4      0x471 stl/StdPeriph_Driver/src/stm32f4xx_dma.o
 .debug_macro   0x00008a45      0x1be stl/StdPeriph_Driver/src/stm32f4xx_exti.o
 .debug_macro   0x00008c03       0xaf stl/StdPeriph_Driver/src/stm32f4xx_exti.o
 .debug_macro   0x00008cb2      0x1bc stl/StdPeriph_Driver/src/stm32f4xx_gpio.o
 .debug_macro   0x00008e6e      0x2f5 stl/StdPeriph_Driver/src/stm32f4xx_gpio.o
 .debug_macro   0x00009163      0x28b stl/StdPeriph_Driver/src/stm32f4xx_rcc.o
 .debug_macro   0x000093ee      0x20a stl/StdPeriph_Driver/src/stm32f4xx_syscfg.o
 .debug_macro   0x000095f8      0x10e stl/StdPeriph_Driver/src/stm32f4xx_syscfg.o
 .debug_macro   0x00009706      0x1e6 stl/StdPeriph_Driver/src/stm32f4xx_tim.o
 .debug_macro   0x000098ec      0x735 stl/StdPeriph_Driver/src/stm32f4xx_tim.o
 .debug_macro   0x0000a021      0x1d4 stl/StdPeriph_Driver/src/stm32f4xx_usart.o
 .debug_macro   0x0000a1f5      0x21d stl/StdPeriph_Driver/src/stm32f4xx_usart.o
 .debug_macro   0x0000a412      0x222 syscalls.o
 .debug_macro   0x0000a634       0x10 syscalls.o
 .debug_macro   0x0000a644       0x10 syscalls.o
 .debug_macro   0x0000a654       0x10 syscalls.o
 .debug_macro   0x0000a664       0x35 syscalls.o
 .debug_macro   0x0000a699      0x122 syscalls.o
 .debug_macro   0x0000a7bb       0x10 syscalls.o
 .debug_macro   0x0000a7cb      0x241 syscalls.o
 .debug_macro   0x0000aa0c      0x159 syscalls.o
 .debug_macro   0x0000ab65       0x16 syscalls.o
 .debug_macro   0x0000ab7b       0x88 syscalls.o
 .debug_macro   0x0000ac03      0x65d usr/src/main.o

.debug_line     0x00000000    0x19436
 .debug_line    0x00000000      0x9e5 app/src/act.o
 .debug_line    0x000009e5      0xb6b app/src/app.o
 .debug_line    0x00001550      0x525 app/src/can.o
 .debug_line    0x00001a75      0x717 app/src/cfg.o
 .debug_line    0x0000218c      0x364 app/src/clk.o
 .debug_line    0x000024f0      0x812 app/src/cmd.o
 .debug_line    0x00002d02      0x80f app/src/com.o
 .debug_line    0x00003511      0xa36 app/src/ctl.o
 .debug_line    0x00003f47      0x6ec app/src/fos.o
 .debug_line    0x00004633      0xa27 app/src/ini.o
 .debug_line    0x0000505a      0x494 app/src/ins.o
 .debug_line    0x000054ee      0x3a2 app/src/mec.o
 .debug_line    0x00005890      0xa1b app/src/odo.o
 .debug_line    0x000062ab      0x48e app/src/pwr.o
 .debug_line    0x00006739      0x3ab app/src/sys.o
 .debug_line    0x00006ae4      0x39b app/src/wdg.o
 .debug_line    0x00006e7f      0x425 asp/src/ahrs.o
 .debug_line    0x000072a4      0x457 asp/src/est.o
 .debug_line    0x000076fb      0x501 asp/src/fifo.o
 .debug_line    0x00007bfc      0x47e asp/src/gauss.o
 .debug_line    0x0000807a      0x429 asp/src/imu.o
 .debug_line    0x000084a3      0x486 asp/src/kalman.o
 .debug_line    0x00008929      0x462 asp/src/mafilter.o
 .debug_line    0x00008d8b       0xcc asp/src/mag.o
 .debug_line    0x00008e57      0x368 asp/src/mecanum.o
 .debug_line    0x000091bf      0x3eb asp/src/pid.o
 .debug_line    0x000095aa      0x366 asp/src/ramp.o
 .debug_line    0x00009910      0x869 bsp/src/bsp.o
 .debug_line    0x0000a179      0x6ca bsp/src/can1.o
 .debug_line    0x0000a843      0x6ca bsp/src/can2.o
 .debug_line    0x0000af0d       0xf0 bsp/src/delay.o
 .debug_line    0x0000affd      0x712 bsp/src/flash.o
 .debug_line    0x0000b70f      0x69c bsp/src/gun.o
 .debug_line    0x0000bdab      0x69f bsp/src/laser.o
 .debug_line    0x0000c44a      0x69d bsp/src/led.o
 .debug_line    0x0000cae7      0x6b8 bsp/src/motor.o
 .debug_line    0x0000d19f      0x70d bsp/src/mpu6050.o
 .debug_line    0x0000d8ac      0x7b6 bsp/src/mpu6050_drv.o
 .debug_line    0x0000e062      0x80e bsp/src/mpu6050_i2c.o
 .debug_line    0x0000e870      0x6bf bsp/src/mpu6050_int.o
 .debug_line    0x0000ef2f      0x6c0 bsp/src/rcv.o
 .debug_line    0x0000f5ef      0x6c8 bsp/src/spinner.o
 .debug_line    0x0000fcb7       0xa0 bsp/src/startup_stm32.o
 .debug_line    0x0000fd57     0x1ddb bsp/src/stm32util.o
 .debug_line    0x00011b32      0x6be bsp/src/system_stm32f4xx.o
 .debug_line    0x000121f0      0x75d bsp/src/tim.o
 .debug_line    0x0001294d      0x86e bsp/src/tty.o
 .debug_line    0x000131bb      0x6a1 stl/StdPeriph_Driver/src/misc.o
 .debug_line    0x0001385c      0x9bf stl/StdPeriph_Driver/src/stm32f4xx_can.o
 .debug_line    0x0001421b      0x884 stl/StdPeriph_Driver/src/stm32f4xx_dma.o
 .debug_line    0x00014a9f      0x6f1 stl/StdPeriph_Driver/src/stm32f4xx_exti.o
 .debug_line    0x00015190      0x7c9 stl/StdPeriph_Driver/src/stm32f4xx_gpio.o
 .debug_line    0x00015959      0xabd stl/StdPeriph_Driver/src/stm32f4xx_rcc.o
 .debug_line    0x00016416      0x6c4 stl/StdPeriph_Driver/src/stm32f4xx_syscfg.o
 .debug_line    0x00016ada      0xf1b stl/StdPeriph_Driver/src/stm32f4xx_tim.o
 .debug_line    0x000179f5      0x90f stl/StdPeriph_Driver/src/stm32f4xx_usart.o
 .debug_line    0x00018304      0x5a4 syscalls.o
 .debug_line    0x000188a8      0xb8e usr/src/main.o

.debug_str      0x00000000    0x6e9a1
 .debug_str     0x00000000    0x663c1 app/src/act.o
                              0x666c8 (size before relaxing)
 .debug_str     0x000663c1     0x1b29 app/src/app.o
                              0x67f3f (size before relaxing)
 .debug_str     0x00067eea      0x1b8 app/src/can.o
                               0x6cfd (size before relaxing)
 .debug_str     0x000680a2      0x15b app/src/cfg.o
                              0x5ecf2 (size before relaxing)
 .debug_str     0x000681fd       0x76 app/src/clk.o
                               0x3441 (size before relaxing)
 .debug_str     0x00068273       0xa5 app/src/cmd.o
                              0x5f012 (size before relaxing)
 .debug_str     0x00068318       0x53 app/src/com.o
                              0x62881 (size before relaxing)
 .debug_str     0x0006836b      0x306 app/src/ctl.o
                              0x667b0 (size before relaxing)
 .debug_str     0x00068671       0x4b app/src/fos.o
                              0x5e398 (size before relaxing)
 .debug_str     0x000686bc       0xc2 app/src/ini.o
                              0x6670f (size before relaxing)
 .debug_str     0x0006877e       0x6c app/src/ins.o
                               0x6e70 (size before relaxing)
 .debug_str     0x000687ea       0x59 app/src/mec.o
                               0x353e (size before relaxing)
 .debug_str     0x00068843      0x182 app/src/odo.o
                              0x65b0d (size before relaxing)
 .debug_str     0x000689c5       0x75 app/src/pwr.o
                               0x6bcc (size before relaxing)
 .debug_str     0x00068a3a       0x69 app/src/sys.o
                               0x3559 (size before relaxing)
 .debug_str     0x00068aa3       0x74 app/src/wdg.o
                               0x3839 (size before relaxing)
 .debug_str     0x00068b17       0xa9 asp/src/ahrs.o
                               0x5bca (size before relaxing)
 .debug_str     0x00068bc0       0x71 asp/src/est.o
                               0x664a (size before relaxing)
 .debug_str     0x00068c31       0xcb asp/src/fifo.o
                               0x5f7d (size before relaxing)
 .debug_str     0x00068cfc       0x7f asp/src/gauss.o
                               0x661d (size before relaxing)
 .debug_str     0x00068d7b       0x4c asp/src/imu.o
                               0x65c9 (size before relaxing)
 .debug_str     0x00068dc7       0xa6 asp/src/kalman.o
                               0x5f52 (size before relaxing)
 .debug_str     0x00068e6d       0x89 asp/src/mafilter.o
                               0x5f42 (size before relaxing)
 .debug_str     0x00068ef6       0x4c asp/src/mag.o
                               0x256b (size before relaxing)
 .debug_str     0x00068f42       0x69 asp/src/mecanum.o
                               0x3543 (size before relaxing)
 .debug_str     0x00068fab       0xb5 asp/src/pid.o
                               0x352f (size before relaxing)
 .debug_str     0x00069060       0x6f asp/src/ramp.o
                               0x3492 (size before relaxing)
 .debug_str     0x000690cf       0x43 bsp/src/bsp.o
                              0x64147 (size before relaxing)
 .debug_str     0x00069112      0x596 bsp/src/can1.o
                              0x5ffd2 (size before relaxing)
 .debug_str     0x000696a8       0x6c bsp/src/can2.o
                              0x5ffd2 (size before relaxing)
 .debug_str     0x00069714       0x4c bsp/src/delay.o
                               0x2550 (size before relaxing)
 .debug_str     0x00069760      0x172 bsp/src/flash.o
                              0x5e4ba (size before relaxing)
 .debug_str     0x000698d2       0x43 bsp/src/gun.o
                              0x5fb1e (size before relaxing)
 .debug_str     0x00069915       0x47 bsp/src/laser.o
                              0x5f97f (size before relaxing)
 .debug_str     0x0006995c       0x43 bsp/src/led.o
                              0x5faa2 (size before relaxing)
 .debug_str     0x0006999f       0x7d bsp/src/motor.o
                              0x5e36e (size before relaxing)
 .debug_str     0x00069a1c       0x5e bsp/src/mpu6050.o
                              0x6056a (size before relaxing)
 .debug_str     0x00069a7a       0xb9 bsp/src/mpu6050_drv.o
                              0x604f0 (size before relaxing)
 .debug_str     0x00069b33      0x13b bsp/src/mpu6050_i2c.o
                              0x5fb57 (size before relaxing)
 .debug_str     0x00069c6e       0xa9 bsp/src/mpu6050_int.o
                              0x5fe82 (size before relaxing)
 .debug_str     0x00069d17       0x96 bsp/src/rcv.o
                              0x5ff61 (size before relaxing)
 .debug_str     0x00069dad       0x73 bsp/src/spinner.o
                              0x5fc38 (size before relaxing)
 .debug_str     0x00069e20      0x763 bsp/src/stm32util.o
                              0x60252 (size before relaxing)
 .debug_str     0x0006a583      0x247 bsp/src/system_stm32f4xx.o
                              0x5e3cb (size before relaxing)
 .debug_str     0x0006a7ca       0xb0 bsp/src/tim.o
                              0x60056 (size before relaxing)
 .debug_str     0x0006a87a       0xcb bsp/src/tty.o
                              0x62a62 (size before relaxing)
 .debug_str     0x0006a945      0x19e stl/StdPeriph_Driver/src/misc.o
                              0x5e3c0 (size before relaxing)
 .debug_str     0x0006aae3      0x515 stl/StdPeriph_Driver/src/stm32f4xx_can.o
                              0x5e8f2 (size before relaxing)
 .debug_str     0x0006aff8      0x58e stl/StdPeriph_Driver/src/stm32f4xx_dma.o
                              0x5e826 (size before relaxing)
 .debug_str     0x0006b586      0x12c stl/StdPeriph_Driver/src/stm32f4xx_exti.o
                              0x5e336 (size before relaxing)
 .debug_str     0x0006b6b2      0x19f stl/StdPeriph_Driver/src/stm32f4xx_gpio.o
                              0x5e468 (size before relaxing)
 .debug_str     0x0006b851      0xc8b stl/StdPeriph_Driver/src/stm32f4xx_rcc.o
                              0x5ef75 (size before relaxing)
 .debug_str     0x0006c4dc      0x437 stl/StdPeriph_Driver/src/stm32f4xx_syscfg.o
                              0x5e586 (size before relaxing)
 .debug_str     0x0006c913      0xacf stl/StdPeriph_Driver/src/stm32f4xx_tim.o
                              0x5ee5f (size before relaxing)
 .debug_str     0x0006d3e2      0x4df stl/StdPeriph_Driver/src/stm32f4xx_usart.o
                              0x5e77b (size before relaxing)
 .debug_str     0x0006d8c1     0x1096 syscalls.o
                               0x7725 (size before relaxing)
 .debug_str     0x0006e957       0x4a usr/src/main.o
                              0x67f36 (size before relaxing)

.comment        0x00000000       0x6e
 .comment       0x00000000       0x6e app/src/act.o
                                 0x6f (size before relaxing)
 .comment       0x0000006e       0x6f app/src/app.o
 .comment       0x0000006e       0x6f app/src/can.o
 .comment       0x0000006e       0x6f app/src/cfg.o
 .comment       0x0000006e       0x6f app/src/clk.o
 .comment       0x0000006e       0x6f app/src/cmd.o
 .comment       0x0000006e       0x6f app/src/com.o
 .comment       0x0000006e       0x6f app/src/ctl.o
 .comment       0x0000006e       0x6f app/src/fos.o
 .comment       0x0000006e       0x6f app/src/ini.o
 .comment       0x0000006e       0x6f app/src/ins.o
 .comment       0x0000006e       0x6f app/src/mec.o
 .comment       0x0000006e       0x6f app/src/odo.o
 .comment       0x0000006e       0x6f app/src/pwr.o
 .comment       0x0000006e       0x6f app/src/sys.o
 .comment       0x0000006e       0x6f app/src/wdg.o
 .comment       0x0000006e       0x6f asp/src/ahrs.o
 .comment       0x0000006e       0x6f asp/src/est.o
 .comment       0x0000006e       0x6f asp/src/fifo.o
 .comment       0x0000006e       0x6f asp/src/gauss.o
 .comment       0x0000006e       0x6f asp/src/imu.o
 .comment       0x0000006e       0x6f asp/src/kalman.o
 .comment       0x0000006e       0x6f asp/src/mafilter.o
 .comment       0x0000006e       0x6f asp/src/mag.o
 .comment       0x0000006e       0x6f asp/src/mecanum.o
 .comment       0x0000006e       0x6f asp/src/pid.o
 .comment       0x0000006e       0x6f asp/src/ramp.o
 .comment       0x0000006e       0x6f bsp/src/bsp.o
 .comment       0x0000006e       0x6f bsp/src/can1.o
 .comment       0x0000006e       0x6f bsp/src/can2.o
 .comment       0x0000006e       0x6f bsp/src/delay.o
 .comment       0x0000006e       0x6f bsp/src/flash.o
 .comment       0x0000006e       0x6f bsp/src/gun.o
 .comment       0x0000006e       0x6f bsp/src/laser.o
 .comment       0x0000006e       0x6f bsp/src/led.o
 .comment       0x0000006e       0x6f bsp/src/motor.o
 .comment       0x0000006e       0x6f bsp/src/mpu6050.o
 .comment       0x0000006e       0x6f bsp/src/mpu6050_drv.o
 .comment       0x0000006e       0x6f bsp/src/mpu6050_i2c.o
 .comment       0x0000006e       0x6f bsp/src/mpu6050_int.o
 .comment       0x0000006e       0x6f bsp/src/rcv.o
 .comment       0x0000006e       0x6f bsp/src/spinner.o
 .comment       0x0000006e       0x6f bsp/src/stm32util.o
 .comment       0x0000006e       0x6f bsp/src/system_stm32f4xx.o
 .comment       0x0000006e       0x6f bsp/src/tim.o
 .comment       0x0000006e       0x6f bsp/src/tty.o
 .comment       0x0000006e       0x6f stl/StdPeriph_Driver/src/misc.o
 .comment       0x0000006e       0x6f stl/StdPeriph_Driver/src/stm32f4xx_can.o
 .comment       0x0000006e       0x6f stl/StdPeriph_Driver/src/stm32f4xx_dma.o
 .comment       0x0000006e       0x6f stl/StdPeriph_Driver/src/stm32f4xx_exti.o
 .comment       0x0000006e       0x6f stl/StdPeriph_Driver/src/stm32f4xx_gpio.o
 .comment       0x0000006e       0x6f stl/StdPeriph_Driver/src/stm32f4xx_rcc.o
 .comment       0x0000006e       0x6f stl/StdPeriph_Driver/src/stm32f4xx_syscfg.o
 .comment       0x0000006e       0x6f stl/StdPeriph_Driver/src/stm32f4xx_tim.o
 .comment       0x0000006e       0x6f stl/StdPeriph_Driver/src/stm32f4xx_usart.o
 .comment       0x0000006e       0x6f syscalls.o
 .comment       0x0000006e       0x6f usr/src/main.o

.debug_frame    0x00000000     0x4d4c
 .debug_frame   0x00000000       0xb4 app/src/act.o
 .debug_frame   0x000000b4       0x68 app/src/app.o
 .debug_frame   0x0000011c      0x10c app/src/can.o
 .debug_frame   0x00000228       0x90 app/src/cfg.o
 .debug_frame   0x000002b8       0x90 app/src/clk.o
 .debug_frame   0x00000348       0x48 app/src/cmd.o
 .debug_frame   0x00000390       0x74 app/src/com.o
 .debug_frame   0x00000404      0x100 app/src/ctl.o
 .debug_frame   0x00000504       0x58 app/src/fos.o
 .debug_frame   0x0000055c      0x104 app/src/ini.o
 .debug_frame   0x00000660       0x74 app/src/ins.o
 .debug_frame   0x000006d4       0x7c app/src/mec.o
 .debug_frame   0x00000750      0x15c app/src/odo.o
 .debug_frame   0x000008ac       0x6c app/src/pwr.o
 .debug_frame   0x00000918      0x124 app/src/sys.o
 .debug_frame   0x00000a3c       0xf0 app/src/wdg.o
 .debug_frame   0x00000b2c       0xbc asp/src/ahrs.o
 .debug_frame   0x00000be8       0xa0 asp/src/est.o
 .debug_frame   0x00000c88      0x1e0 asp/src/fifo.o
 .debug_frame   0x00000e68       0xc8 asp/src/gauss.o
 .debug_frame   0x00000f30       0x60 asp/src/imu.o
 .debug_frame   0x00000f90      0x170 asp/src/kalman.o
 .debug_frame   0x00001100       0xc8 asp/src/mafilter.o
 .debug_frame   0x000011c8       0x60 asp/src/mag.o
 .debug_frame   0x00001228       0x88 asp/src/mecanum.o
 .debug_frame   0x000012b0       0x88 asp/src/pid.o
 .debug_frame   0x00001338       0xb0 asp/src/ramp.o
 .debug_frame   0x000013e8       0x2c bsp/src/bsp.o
 .debug_frame   0x00001414       0x74 bsp/src/can1.o
 .debug_frame   0x00001488       0x74 bsp/src/can2.o
 .debug_frame   0x000014fc       0x60 bsp/src/delay.o
 .debug_frame   0x0000155c       0xac bsp/src/flash.o
 .debug_frame   0x00001608       0x34 bsp/src/gun.o
 .debug_frame   0x0000163c       0x2c bsp/src/laser.o
 .debug_frame   0x00001668       0x2c bsp/src/led.o
 .debug_frame   0x00001694       0x58 bsp/src/motor.o
 .debug_frame   0x000016ec       0x50 bsp/src/mpu6050.o
 .debug_frame   0x0000173c       0xc4 bsp/src/mpu6050_drv.o
 .debug_frame   0x00001800      0x148 bsp/src/mpu6050_i2c.o
 .debug_frame   0x00001948       0x48 bsp/src/mpu6050_int.o
 .debug_frame   0x00001990       0x58 bsp/src/rcv.o
 .debug_frame   0x000019e8       0x74 bsp/src/spinner.o
 .debug_frame   0x00001a5c      0x25c bsp/src/stm32util.o
 .debug_frame   0x00001cb8       0x7c bsp/src/system_stm32f4xx.o
 .debug_frame   0x00001d34      0x154 bsp/src/tim.o
 .debug_frame   0x00001e88      0x12c bsp/src/tty.o
 .debug_frame   0x00001fb4       0xd8 stl/StdPeriph_Driver/src/misc.o
 .debug_frame   0x0000208c      0x3f0 stl/StdPeriph_Driver/src/stm32f4xx_can.o
 .debug_frame   0x0000247c      0x308 stl/StdPeriph_Driver/src/stm32f4xx_dma.o
 .debug_frame   0x00002784      0x148 stl/StdPeriph_Driver/src/stm32f4xx_exti.o
 .debug_frame   0x000028cc      0x23c stl/StdPeriph_Driver/src/stm32f4xx_gpio.o
 .debug_frame   0x00002b08      0x83c stl/StdPeriph_Driver/src/stm32f4xx_rcc.o
 .debug_frame   0x00003344      0x11c stl/StdPeriph_Driver/src/stm32f4xx_syscfg.o
 .debug_frame   0x00003460      0xe54 stl/StdPeriph_Driver/src/stm32f4xx_tim.o
 .debug_frame   0x000042b4      0x490 stl/StdPeriph_Driver/src/stm32f4xx_usart.o
 .debug_frame   0x00004744      0x2d4 syscalls.o
 .debug_frame   0x00004a18       0x2c usr/src/main.o
 .debug_frame   0x00004a44       0x20 /home/bj/.p2/pool/plugins/fr.ac6.mcu.externaltools.arm-none.linux64_1.12.0.201611241417/tools/compiler/bin/../lib/gcc/arm-none-eabi/5.4.1/../../../../arm-none-eabi/lib/armv7e-m/fpu/libc.a(lib_a-errno.o)
 .debug_frame   0x00004a64       0x2c /home/bj/.p2/pool/plugins/fr.ac6.mcu.externaltools.arm-none.linux64_1.12.0.201611241417/tools/compiler/bin/../lib/gcc/arm-none-eabi/5.4.1/../../../../arm-none-eabi/lib/armv7e-m/fpu/libc.a(lib_a-init.o)
 .debug_frame   0x00004a90       0x30 /home/bj/.p2/pool/plugins/fr.ac6.mcu.externaltools.arm-none.linux64_1.12.0.201611241417/tools/compiler/bin/../lib/gcc/arm-none-eabi/5.4.1/../../../../arm-none-eabi/lib/armv7e-m/fpu/libc.a(lib_a-malloc.o)
 .debug_frame   0x00004ac0       0x58 /home/bj/.p2/pool/plugins/fr.ac6.mcu.externaltools.arm-none.linux64_1.12.0.201611241417/tools/compiler/bin/../lib/gcc/arm-none-eabi/5.4.1/../../../../arm-none-eabi/lib/armv7e-m/fpu/libc.a(lib_a-mallocr.o)
 .debug_frame   0x00004b18       0x34 /home/bj/.p2/pool/plugins/fr.ac6.mcu.externaltools.arm-none.linux64_1.12.0.201611241417/tools/compiler/bin/../lib/gcc/arm-none-eabi/5.4.1/../../../../arm-none-eabi/lib/armv7e-m/fpu/libc.a(lib_a-memset.o)
 .debug_frame   0x00004b4c       0x30 /home/bj/.p2/pool/plugins/fr.ac6.mcu.externaltools.arm-none.linux64_1.12.0.201611241417/tools/compiler/bin/../lib/gcc/arm-none-eabi/5.4.1/../../../../arm-none-eabi/lib/armv7e-m/fpu/libc.a(lib_a-mlock.o)
 .debug_frame   0x00004b7c       0x2c /home/bj/.p2/pool/plugins/fr.ac6.mcu.externaltools.arm-none.linux64_1.12.0.201611241417/tools/compiler/bin/../lib/gcc/arm-none-eabi/5.4.1/../../../../arm-none-eabi/lib/armv7e-m/fpu/libc.a(lib_a-sbrkr.o)
 .debug_frame   0x00004ba8       0x50 /home/bj/.p2/pool/plugins/fr.ac6.mcu.externaltools.arm-none.linux64_1.12.0.201611241417/tools/compiler/bin/../lib/gcc/arm-none-eabi/5.4.1/../../../../arm-none-eabi/lib/armv7e-m/fpu/libc.a(lib_a-__call_atexit.o)
 .debug_frame   0x00004bf8       0x20 /home/bj/.p2/pool/plugins/fr.ac6.mcu.externaltools.arm-none.linux64_1.12.0.201611241417/tools/compiler/bin/../lib/gcc/arm-none-eabi/5.4.1/../../../../arm-none-eabi/lib/armv7e-m/fpu/libc.a(lib_a-atexit.o)
 .debug_frame   0x00004c18       0x34 /home/bj/.p2/pool/plugins/fr.ac6.mcu.externaltools.arm-none.linux64_1.12.0.201611241417/tools/compiler/bin/../lib/gcc/arm-none-eabi/5.4.1/../../../../arm-none-eabi/lib/armv7e-m/fpu/libc.a(lib_a-fini.o)
 .debug_frame   0x00004c4c       0x74 /home/bj/.p2/pool/plugins/fr.ac6.mcu.externaltools.arm-none.linux64_1.12.0.201611241417/tools/compiler/bin/../lib/gcc/arm-none-eabi/5.4.1/../../../../arm-none-eabi/lib/armv7e-m/fpu/libc.a(lib_a-freer.o)
 .debug_frame   0x00004cc0       0x58 /home/bj/.p2/pool/plugins/fr.ac6.mcu.externaltools.arm-none.linux64_1.12.0.201611241417/tools/compiler/bin/../lib/gcc/arm-none-eabi/5.4.1/../../../../arm-none-eabi/lib/armv7e-m/fpu/libc.a(lib_a-reent.o)
 .debug_frame   0x00004d18       0x34 /home/bj/.p2/pool/plugins/fr.ac6.mcu.externaltools.arm-none.linux64_1.12.0.201611241417/tools/compiler/bin/../lib/gcc/arm-none-eabi/5.4.1/../../../../arm-none-eabi/lib/armv7e-m/fpu/libc.a(lib_a-__atexit.o)